 testexe

 Timestamp is 62878d76 (Fri May 20 20:45:42 2022)

 Preferred load address is 00400000

 Start         Length     Name                   Class
 0001:00000000 00013a63H .text$mn                CODE
 0001:00013a63 000000bbH .text$x                 CODE
 0002:00000000 00000120H .idata$5                DATA
 0002:00000120 00000008H .00cfg                  DATA
 0002:00000128 00000004H .CRT$XCA                DATA
 0002:0000012c 00000004H .CRT$XCAA               DATA
 0002:00000130 00000004H .CRT$XCZ                DATA
 0002:00000134 00000004H .CRT$XIA                DATA
 0002:00000138 00000004H .CRT$XIAA               DATA
 0002:0000013c 00000004H .CRT$XIAC               DATA
 0002:00000140 00000010H .CRT$XIC                DATA
 0002:00000150 00000004H .CRT$XIZ                DATA
 0002:00000154 00000004H .CRT$XPA                DATA
 0002:00000158 00000008H .CRT$XPX                DATA
 0002:00000160 00000004H .CRT$XPXA               DATA
 0002:00000164 00000004H .CRT$XPZ                DATA
 0002:00000168 00000004H .CRT$XTA                DATA
 0002:0000016c 00000004H .CRT$XTZ                DATA
 0002:00000170 00000000H .gfids$y                DATA
 0002:00000170 00005850H .rdata                  DATA
 0002:000059c0 00000000H .rdata$CastGuardVftablesA DATA
 0002:000059c0 00000000H .rdata$CastGuardVftablesC DATA
 0002:000059c0 000000dcH .rdata$r                DATA
 0002:00005a9c 00000028H .rdata$sxdata           DATA
 0002:00005ac4 000000a0H .rdata$voltmd           DATA
 0002:00005b64 00000348H .rdata$zzzdbg           DATA
 0002:00005eac 00000004H .rtc$IAA                DATA
 0002:00005eb0 00000004H .rtc$IZZ                DATA
 0002:00005eb4 00000004H .rtc$TAA                DATA
 0002:00005eb8 00000008H .rtc$TZZ                DATA
 0002:00005ec0 0000063cH .xdata$x                DATA
 0002:000064fc 00000000H .edata                  DATA
 0002:000064fc 00000014H .idata$2                DATA
 0002:00006510 00000014H .idata$3                DATA
 0002:00006524 00000120H .idata$4                DATA
 0002:00006644 0000053eH .idata$6                DATA
 0003:00000000 000008b0H .data                   DATA
 0003:000008b0 0000003cH .data$r                 DATA
 0003:000008ec 0000001cH .data$rs                DATA
 0003:00000908 00000a2cH .bss                    DATA
 0004:00000000 00000060H .rsrc$01                DATA
 0004:00000060 00000180H .rsrc$02                DATA

  Address         Publics by Value              Rva+Base       Lib:Object

 0000:00000000       ___guard_eh_cont_table     00000000     <absolute>
 0000:00000000       ___guard_fids_count        00000000     <absolute>
 0000:00000000       ___arm64x_native_entrypoint 00000000     <absolute>
 0000:00000000       __except_list              00000000     <absolute>
 0000:00000000       ___x64_code_ranges_to_entry_points_count 00000000     <absolute>
 0000:00000000       ___guard_longjmp_table     00000000     <absolute>
 0000:00000000       ___arm64x_extra_rfe_table  00000000     <absolute>
 0000:00000000       ___arm64x_redirection_metadata 00000000     <absolute>
 0000:00000000       ___guard_eh_cont_count     00000000     <absolute>
 0000:00000000       ___guard_iat_table         00000000     <absolute>
 0000:00000000       ___hybrid_code_map_count   00000000     <absolute>
 0000:00000000       ___x64_code_ranges_to_entry_points 00000000     <absolute>
 0000:00000000       ___guard_iat_count         00000000     <absolute>
 0000:00000000       ___hybrid_code_map         00000000     <absolute>
 0000:00000000       ___guard_longjmp_count     00000000     <absolute>
 0000:00000000       ___arm64x_extra_rfe_table_size 00000000     <absolute>
 0000:00000000       ___guard_check_icall_a64n_fptr 00000000     <absolute>
 0000:00000000       ___arm64x_redirection_metadata_count 00000000     <absolute>
 0000:00000000       ___hybrid_auxiliary_iat    00000000     <absolute>
 0000:00000000       ___dynamic_value_reloc_table 00000000     <absolute>
 0000:00000000       ___AbsoluteZero            00000000     <absolute>
 0000:00000000       ___enclave_config          00000000     <absolute>
 0000:00000000       ___guard_fids_table        00000000     <absolute>
 0000:00000000       ___hybrid_auxiliary_iat_copy 00000000     <absolute>
 0000:0000000a       ___safe_se_handler_count   0000000a     <absolute>
 0000:00000100       ___guard_flags             00000100     <absolute>
 0000:00000000       ___ImageBase               00400000     <linker-defined>
 0001:00000000       ___local_stdio_printf_options 00401000 f i Source.obj
 0001:00000010       _printf                    00401010 f i Source.obj
 0001:00000040       _main                      00401040 f   Source.obj
 0001:0000008b       @__security_check_cookie@4 0040108b f   LIBCMT:secchk.obj
 0001:000002e0       _mainCRTStartup            004012e0 f   LIBCMT:exe_main.obj
 0001:000002ea       ___raise_securityfailure   004012ea f   LIBCMT:gs_report.obj
 0001:00000312       ___report_gsfailure        00401312 f   LIBCMT:gs_report.obj
 0001:00000450       ___scrt_acquire_startup_lock 00401450 f   LIBCMT:utility.obj
 0001:00000482       ___scrt_initialize_crt     00401482 f   LIBCMT:utility.obj
 0001:000004bb       ___scrt_initialize_onexit_tables 004014bb f   LIBCMT:utility.obj
 0001:00000542       ___scrt_is_nonwritable_in_current_image 00401542 f   LIBCMT:utility.obj
 0001:000005d6       ___scrt_release_startup_lock 004015d6 f   LIBCMT:utility.obj
 0001:000005f3       ___scrt_uninitialize_crt   004015f3 f   LIBCMT:utility.obj
 0001:0000061b       __onexit                   0040161b f   LIBCMT:utility.obj
 0001:00000648       _atexit                    00401648 f   LIBCMT:utility.obj
 0001:000006aa       ___security_init_cookie    004016aa f   LIBCMT:gs_support.obj
 0001:000006f5       __matherr                  004016f5 f   LIBCMT:matherr.obj
 0001:000006f5       ___scrt_initialize_winrt   004016f5 f   LIBCMT:utility_desktop.obj
 0001:000006f5       __get_startup_commit_mode  004016f5 f   LIBCMT:commit_mode.obj
 0001:000006f5       ___scrt_exe_initialize_mta 004016f5 f   LIBCMT:utility_desktop.obj
 0001:000006f5       ___scrt_stub_for_initialize_mta 004016f5 f   LIBCMT:utility_desktop.obj
 0001:000006f5       __get_startup_new_mode     004016f5 f   LIBCMT:new_mode.obj
 0001:000006f5       __get_startup_thread_locale_mode 004016f5 f   LIBCMT:thread_locale.obj
 0001:000006f8       __get_startup_argv_mode    004016f8 f   LIBCMT:argv_mode.obj
 0001:000006fc       __get_startup_file_mode    004016fc f   LIBCMT:file_mode.obj
 0001:00000702       ?__scrt_initialize_type_info@@YAXXZ 00401702 f   LIBCMT:tncleanup.obj
 0001:0000070e       ___acrt_uninitialize_command_line 0040170e f   libucrt:argv_data.obj
 0001:0000070e       __should_initialize_environment 0040170e f   LIBCMT:env_mode.obj
 0001:00000711       __initialize_default_precision 00401711 f   LIBCMT:default_precision.obj
 0001:00000732       __initialize_denormal_control 00401732 f   LIBCMT:denormal_control.obj
 0001:00000732       @_guard_check_icall_nop@4  00401732 f   LIBCMT:guard_support.obj
 0001:00000732       __initialize_invalid_parameter_handler 00401732 f   LIBCMT:invalid_parameter_handler.obj
 0001:00000735       ___local_stdio_scanf_options 00401735 f i LIBCMT:default_local_stdio_options.obj
 0001:0000073b       ___scrt_initialize_default_local_stdio_options 0040173b f   LIBCMT:default_local_stdio_options.obj
 0001:00000758       ___scrt_is_user_matherr_present 00401758 f   LIBCMT:matherr_detection.obj
 0001:00000764       ___scrt_get_dyn_tls_init_callback 00401764 f   LIBCMT:dyn_tls_init.obj
 0001:0000076a       ___scrt_get_dyn_tls_dtor_callback 0040176a f   LIBCMT:dyn_tls_dtor.obj
 0001:00000770       ___scrt_fastfail           00401770 f   LIBCMT:utility_desktop.obj
 0001:0000088b       ___scrt_initialize_mta     0040188b f   LIBCMT:utility_desktop.obj
 0001:00000890       ___scrt_is_managed_app     00401890 f   LIBCMT:utility_desktop.obj
 0001:000008d2       ___scrt_set_unhandled_exception_filter 004018d2 f   LIBCMT:utility_desktop.obj
 0001:000008de       ___scrt_unhandled_exception_filter@4 004018de f   LIBCMT:utility_desktop.obj
 0001:00000934       __crt_debugger_hook        00401934 f   LIBCMT:utility_desktop.obj
 0001:0000093c       __RTC_Initialize           0040193c f   LIBCMT:initsect.obj
 0001:00000968       __RTC_Terminate            00401968 f   LIBCMT:initsect.obj
 0001:000009a0       __SEH_prolog4              004019a0 f   LIBCMT:sehprolg4.obj
 0001:000009e5       ___isa_available_init      004019e5 f   LIBCMT:cpu_disp.obj
 0001:00000bb9       ___scrt_is_ucrt_dll_in_use 00401bb9 f   LIBCMT:ucrt_detection.obj
 0001:00000c10       __except_handler4          00401c10 f   libvcruntime:chandler4.obj
 0001:00000d6e       ___vcrt_initialize         00401d6e f   libvcruntime:initialization.obj
 0001:00000d8d       ___vcrt_uninitialize       00401d8d f   libvcruntime:initialization.obj
 0001:00000da4       ___std_type_info_compare   00401da4 f   libvcruntime:std_type_info.obj
 0001:00000de0       ___DestructExceptionObject 00401de0 f   libvcruntime:ehhelpers.obj
 0001:00000e81       ?_CallMemberFunction0@@YGXQAX0@Z 00401e81 f i libvcruntime:ehhelpers.obj
 0001:00000ee6       __IsExceptionObjectToBeDestroyed 00401ee6 f   libvcruntime:ehhelpers.obj
 0001:00000f0c       ___AdjustPointer           00401f0c f   libvcruntime:ehhelpers.obj
 0001:00000f31       ___FrameUnwindFilter       00401f31 f   libvcruntime:ehhelpers.obj
 0001:00000f87       ___current_exception       00401f87 f   libvcruntime:ehhelpers.obj
 0001:00000f90       ___current_exception_context 00401f90 f   libvcruntime:ehhelpers.obj
 0001:00000f99       ___std_terminate           00401f99 f   libvcruntime:ehhelpers.obj
 0001:00000fa0       _memset                    00401fa0 f   libvcruntime:memset.obj
 0001:00001100       __local_unwind4            00402100 f   libvcruntime:exsup4.obj
 0001:000011f0       @_EH4_CallFilterFunc@8     004021f0 f   libvcruntime:exsup4.obj
 0001:00001210       @_EH4_TransferToHandler@8  00402210 f   libvcruntime:exsup4.obj
 0001:00001230       @_EH4_GlobalUnwind2@8      00402230 f   libvcruntime:exsup4.obj
 0001:00001250       @_EH4_LocalUnwind@16       00402250 f   libvcruntime:exsup4.obj
 0001:00001267       ___except_validate_context_record 00402267 f   libvcruntime:jbcxrval.obj
 0001:00001297       ___vcrt_freefls@4          00402297 f   libvcruntime:per_thread_data.obj
 0001:000012b3       ___vcrt_getptd             004022b3 f   libvcruntime:per_thread_data.obj
 0001:000012c1       ___vcrt_getptd_noexit      004022c1 f   libvcruntime:per_thread_data.obj
 0001:00001353       ___vcrt_initialize_ptd     00402353 f   libvcruntime:per_thread_data.obj
 0001:00001386       ___vcrt_uninitialize_ptd   00402386 f   libvcruntime:per_thread_data.obj
 0001:000013a1       ___vcrt_initialize_locks   004023a1 f   libvcruntime:locks.obj
 0001:000013dd       ___vcrt_uninitialize_locks 004023dd f   libvcruntime:locks.obj
 0001:00001410       __NLG_Notify1              00402410 f   libvcruntime:exsup.obj
 0001:00001420       __NLG_Notify               00402420 f   libvcruntime:exsup.obj
 0001:00001437       __NLG_Dispatch             00402437     libvcruntime:exsup.obj
 0001:00001437       __NLG_Dispatch2            00402437     libvcruntime:exsup.obj
 0001:00001440       __NLG_Call                 00402440 f   libvcruntime:exsup.obj
 0001:00001442       __NLG_Return2              00402442     libvcruntime:exsup.obj
 0001:00001528       ___vcrt_FlsAlloc           00402528 f   libvcruntime:winapi_downlevel.obj
 0001:00001563       ___vcrt_FlsFree            00402563 f   libvcruntime:winapi_downlevel.obj
 0001:0000159e       ___vcrt_FlsGetValue        0040259e f   libvcruntime:winapi_downlevel.obj
 0001:000015d9       ___vcrt_FlsSetValue        004025d9 f   libvcruntime:winapi_downlevel.obj
 0001:00001617       ___vcrt_InitializeCriticalSectionEx 00402617 f   libvcruntime:winapi_downlevel.obj
 0001:0000165e       ?GetRangeOfTrysToCheck@__FrameHandler3@@SA?AU?$pair@Viterator@TryBlockMap@__FrameHandler3@@V123@@std@@AAVTryBlockMap@1@HPAXPBU_s_FuncInfo@@H@Z 0040265e f   libvcruntime:trnsctrl.obj
 0001:000016ce       ?_CallCatchBlock2@@YAPAXPAUEHRegistrationNode@@PBU_s_FuncInfo@@PAXHK@Z 004026ce f   libvcruntime:trnsctrl.obj
 0001:0000172b       ?_CallSETranslator@@YAHPAUEHExceptionRecord@@PAUEHRegistrationNode@@PAX2PBU_s_FuncInfo@@H1@Z 0040272b f   libvcruntime:trnsctrl.obj
 0001:00001821       ?_JumpToContinuation@@YGXPAXPAUEHRegistrationNode@@@Z 00402821 f   libvcruntime:trnsctrl.obj
 0001:00001851       ?_UnwindNestedFrames@@YGXPAUEHRegistrationNode@@PAUEHExceptionRecord@@@Z 00402851 f   libvcruntime:trnsctrl.obj
 0001:000018a4       __CatchGuardHandler        004028a4 f   libvcruntime:trnsctrl.obj
 0001:000018d5       __CreateFrameInfo          004028d5 f   libvcruntime:trnsctrl.obj
 0001:000018f9       __FindAndUnlinkFrame       004028f9 f   libvcruntime:trnsctrl.obj
 0001:00001941       __TranslatorGuardHandler   00402941 f   libvcruntime:trnsctrl.obj
 0001:000019de       ___CxxFrameHandler3        004029de f   libvcruntime:trnsctrl.obj
 0001:00001a20       _memmove                   00402a20 f   libvcruntime:memmove.obj
 0001:00001a20       _memcpy                    00402a20 f   libvcruntime:memcpy.obj
 0001:000026c6       ??$TypeMatchHelper@V__FrameHandler3@@@@YAHPBU_s_HandlerType@@PBU_s_CatchableType@@PBU_s_ThrowInfo@@@Z 004036c6 f i libvcruntime:frame.obj
 0001:00002754       ??$__InternalCxxFrameHandler@V__FrameHandler3@@@@YA?AW4_EXCEPTION_DISPOSITION@@PAUEHExceptionRecord@@PAUEHRegistrationNode@@PAU_CONTEXT@@PAXPBU_s_FuncInfo@@H1E@Z 00403754 f i libvcruntime:frame.obj
 0001:00002856       ??0bad_exception@std@@QAE@ABV01@@Z 00403856 f i libvcruntime:frame.obj
 0001:00002871       ??0bad_exception@std@@QAE@XZ 00403871 f i libvcruntime:frame.obj
 0001:00002889       ??0exception@std@@QAE@ABV01@@Z 00403889 f i libvcruntime:frame.obj
 0001:000028b5       ??1bad_exception@std@@UAE@XZ 004038b5 f i libvcruntime:frame.obj
 0001:000028c6       ??8type_info@@QBE_NABV0@@Z 004038c6 f i libvcruntime:frame.obj
 0001:000028e5       ??_Ebad_exception@std@@UAEPAXI@Z 004038e5 f i libvcruntime:frame.obj
 0001:000028e5       ??_Gexception@std@@UAEPAXI@Z 004038e5 f i libvcruntime:frame.obj
 0001:000028e5       ??_Gbad_exception@std@@UAEPAXI@Z 004038e5 f i libvcruntime:frame.obj
 0001:000028e5       ??_Eexception@std@@UAEPAXI@Z 004038e5 f i libvcruntime:frame.obj
 0001:00002b6a       ?FrameUnwindToEmptyState@__FrameHandler3@@SAXPAUEHRegistrationNode@@PAXPBU_s_FuncInfo@@@Z 00403b6a f   libvcruntime:frame.obj
 0001:00002b82       ?FrameUnwindToState@__FrameHandler3@@SAXPAUEHRegistrationNode@@PAXPBU_s_FuncInfo@@H@Z 00403b82 f   libvcruntime:frame.obj
 0001:00002d04       ?_CallMemberFunction1@@YGXQAX00@Z 00403d04 f i libvcruntime:frame.obj
 0001:00002d14       ?_CallMemberFunction2@@YGXQAX00H@Z 00403d14 f i libvcruntime:frame.obj
 0001:00002d27       ?getESTypes@__FrameHandler3@@SAPBU_s_ESTypeList@@PBU_s_FuncInfo@@@Z 00403d27 f i libvcruntime:frame.obj
 0001:00002d32       ?what@exception@std@@UBEPBDXZ 00403d32 f i libvcruntime:frame.obj
 0001:00002d40       __CallSettingFrame@12      00403d40 f   libvcruntime:lowhelpr.obj
 0001:00002d67       __NLG_Return               00403d67     libvcruntime:lowhelpr.obj
 0001:00002d8c       _unexpected                00403d8c f   libvcruntime:unexpected.obj
 0001:00002da9       ?GetCurrentState@__FrameHandler3@@SAHPAUEHRegistrationNode@@PAXPBU_s_FuncInfo@@@Z 00403da9 f   libvcruntime:ehstate.obj
 0001:00002dc6       ?SetState@__FrameHandler3@@SAXPAUEHRegistrationNode@@PBU_s_FuncInfo@@H@Z 00403dc6 f   libvcruntime:ehstate.obj
 0001:00002dd4       ___std_exception_copy      00403dd4 f   libvcruntime:std_exception.obj
 0001:00002e37       ___std_exception_destroy   00403e37 f   libvcruntime:std_exception.obj
 0001:00002e56       __CxxThrowException@8      00403e56 f   libvcruntime:throw.obj
 0001:00002ed0       ___acrt_initialize_stdio   00403ed0 f   libucrt:_file.obj
 0001:00002f98       ___acrt_iob_func           00403f98 f   libucrt:_file.obj
 0001:00002fa8       ___acrt_uninitialize_stdio 00403fa8 f   libucrt:_file.obj
 0001:00002ff4       __lock_file                00403ff4 f   libucrt:_file.obj
 0001:00003008       __unlock_file              00404008 f   libucrt:_file.obj
 0001:00003077       ??0__crt_cached_ptd_host@@QAE@QAU__crt_locale_pointers@@@Z 00404077 f i libucrt:puts.obj
 0001:000030bf       ??1__crt_cached_ptd_host@@QAE@XZ 004040bf f i libucrt:puts.obj
 0001:0000327c       ?force_synchronize_per_thread_data@__crt_cached_ptd_host@@AAEPAU__acrt_ptd@@XZ 0040427c f i libucrt:puts.obj
 0001:000032c2       ?get_raw_ptd@__crt_cached_ptd_host@@QAEPAU__acrt_ptd@@XZ 004042c2 f i libucrt:puts.obj
 0001:000032df       _puts                      004042df f   libucrt:puts.obj
 0001:0000336a       ??$count@D@formatting_buffer@__crt_stdio_output@@QBEIXZ 0040436a f i libucrt:output.obj
 0001:00003382       ??$ensure_buffer_is_big_enough@D@formatting_buffer@__crt_stdio_output@@QAE_NIAAV__crt_cached_ptd_host@@@Z 00404382 f i libucrt:output.obj
 0001:00003403       ??$is_overflow_condition@K@__crt_strtox@@YA_NIK@Z 00404403 f i libucrt:output.obj
 0001:00003434       ??$is_wide_character_specifier@D@__crt_stdio_output@@YA_N_KDW4length_modifier@0@@Z 00404434 f i libucrt:output.obj
 0001:00003465       ??$parse_integer@KV?$c_string_character_source@D@__crt_strtox@@$0A@@__crt_strtox@@YAKAAV__crt_cached_ptd_host@@V?$c_string_character_source@D@0@H_N@Z 00404465 f i libucrt:output.obj
 0001:00003674       ??$scratch_data@D@formatting_buffer@__crt_stdio_output@@QAEPADXZ 00404674 f i libucrt:output.obj
 0001:00003692       ??$type_case_integer@$07@?$output_processor@DV?$stream_output_adapter@D@__crt_stdio_output@@V?$standard_base@DV?$stream_output_adapter@D@__crt_stdio_output@@@2@@__crt_stdio_output@@AAE_N_N@Z 00404692 f i libucrt:output.obj
 0001:0000380f       ??$type_case_integer@$09@?$output_processor@DV?$stream_output_adapter@D@__crt_stdio_output@@V?$standard_base@DV?$stream_output_adapter@D@__crt_stdio_output@@@2@@__crt_stdio_output@@AAE_N_N@Z 0040480f f i libucrt:output.obj
 0001:0000398c       ??$type_case_integer@$0BA@@?$output_processor@DV?$stream_output_adapter@D@__crt_stdio_output@@V?$standard_base@DV?$stream_output_adapter@D@__crt_stdio_output@@@2@@__crt_stdio_output@@AAE_N_N@Z 0040498c f i libucrt:output.obj
 0001:00003b09       ??$type_case_integer_parse_into_buffer@I$07@?$output_processor@DV?$stream_output_adapter@D@__crt_stdio_output@@V?$standard_base@DV?$stream_output_adapter@D@__crt_stdio_output@@@2@@__crt_stdio_output@@AAEXI_N@Z 00404b09 f i libucrt:output.obj
 0001:00003b73       ??$type_case_integer_parse_into_buffer@I$09@?$output_processor@DV?$stream_output_adapter@D@__crt_stdio_output@@V?$standard_base@DV?$stream_output_adapter@D@__crt_stdio_output@@@2@@__crt_stdio_output@@AAEXI_N@Z 00404b73 f i libucrt:output.obj
 0001:00003bed       ??$type_case_integer_parse_into_buffer@I$0BA@@?$output_processor@DV?$stream_output_adapter@D@__crt_stdio_output@@V?$standard_base@DV?$stream_output_adapter@D@__crt_stdio_output@@@2@@__crt_stdio_output@@AAEXI_N@Z 00404bed f i libucrt:output.obj
 0001:00003c75       ??$type_case_integer_parse_into_buffer@_K$07@?$output_processor@DV?$stream_output_adapter@D@__crt_stdio_output@@V?$standard_base@DV?$stream_output_adapter@D@__crt_stdio_output@@@2@@__crt_stdio_output@@AAEX_K_N@Z 00404c75 f i libucrt:output.obj
 0001:00003ced       ??$type_case_integer_parse_into_buffer@_K$09@?$output_processor@DV?$stream_output_adapter@D@__crt_stdio_output@@V?$standard_base@DV?$stream_output_adapter@D@__crt_stdio_output@@@2@@__crt_stdio_output@@AAEX_K_N@Z 00404ced f i libucrt:output.obj
 0001:00003d89       ??$type_case_integer_parse_into_buffer@_K$0BA@@?$output_processor@DV?$stream_output_adapter@D@__crt_stdio_output@@V?$standard_base@DV?$stream_output_adapter@D@__crt_stdio_output@@@2@@__crt_stdio_output@@AAEX_K_N@Z 00404d89 f i libucrt:output.obj
 0001:00003e1b       ??0?$output_adapter_data@DV?$stream_output_adapter@D@__crt_stdio_output@@@__crt_stdio_output@@IAE@ABV?$stream_output_adapter@D@1@_KQBDAAV__crt_cached_ptd_host@@QAD@Z 00404e1b f i libucrt:output.obj
 0001:00003e82       ??1formatting_buffer@__crt_stdio_output@@QAE@XZ 00404e82 f i libucrt:output.obj
 0001:00003e9c       ??4?$__crt_unique_heap_ptr@DU__crt_internal_free_policy@@@@QAEAAV0@$$QAV0@@Z 00404e9c f i libucrt:output.obj
 0001:00003f5c       ?crop_zeroes@__crt_stdio_output@@YAXPADQAU__crt_locale_pointers@@@Z 00404f5c f i libucrt:output.obj
 0001:00003fbc       ?find_next_state@?$output_processor@DV?$stream_output_adapter@D@__crt_stdio_output@@V?$standard_base@DV?$stream_output_adapter@D@__crt_stdio_output@@@2@@__crt_stdio_output@@ABE?AW4state@2@DW432@@Z 00404fbc f i libucrt:output.obj
 0001:00003ff7       ?force_decimal_point@__crt_stdio_output@@YAXPADQAU__crt_locale_pointers@@@Z 00404ff7 f i libucrt:output.obj
 0001:00004053       ?parse_int_from_format_string@?$output_processor@DV?$stream_output_adapter@D@__crt_stdio_output@@V?$standard_base@DV?$stream_output_adapter@D@__crt_stdio_output@@@2@@__crt_stdio_output@@AAE_NQAH@Z 00405053 f i libucrt:output.obj
 0001:000040cb       ?process@?$output_processor@DV?$stream_output_adapter@D@__crt_stdio_output@@V?$standard_base@DV?$stream_output_adapter@D@__crt_stdio_output@@@2@@__crt_stdio_output@@QAEHXZ 004050cb f i libucrt:output.obj
 0001:00004377       ?state_case_size@?$output_processor@DV?$stream_output_adapter@D@__crt_stdio_output@@V?$standard_base@DV?$stream_output_adapter@D@__crt_stdio_output@@@2@@__crt_stdio_output@@AAE_NXZ 00405377 f i libucrt:output.obj
 0001:000044d5       ?state_case_type@?$output_processor@DV?$stream_output_adapter@D@__crt_stdio_output@@V?$standard_base@DV?$stream_output_adapter@D@__crt_stdio_output@@@2@@__crt_stdio_output@@AAE_NXZ 004054d5 f i libucrt:output.obj
 0001:0000481d       ?to_integer_size@__crt_stdio_output@@YAIW4length_modifier@1@@Z 0040581d f i libucrt:output.obj
 0001:00004871       ?type_case_Z@?$output_processor@DV?$stream_output_adapter@D@__crt_stdio_output@@V?$standard_base@DV?$stream_output_adapter@D@__crt_stdio_output@@@2@@__crt_stdio_output@@AAE_NXZ 00405871 f i libucrt:output.obj
 0001:000048cb       ?type_case_a@?$output_processor@DV?$stream_output_adapter@D@__crt_stdio_output@@V?$standard_base@DV?$stream_output_adapter@D@__crt_stdio_output@@@2@@__crt_stdio_output@@AAE_NXZ 004058cb f i libucrt:output.obj
 0001:00004a55       ?type_case_c_tchar@?$output_processor@DV?$stream_output_adapter@D@__crt_stdio_output@@V?$standard_base@DV?$stream_output_adapter@D@__crt_stdio_output@@@2@@__crt_stdio_output@@AAE_ND@Z 00405a55 f i libucrt:output.obj
 0001:00004aea       ?type_case_n@?$output_processor@DV?$stream_output_adapter@D@__crt_stdio_output@@V?$standard_base@DV?$stream_output_adapter@D@__crt_stdio_output@@@2@@__crt_stdio_output@@AAE_NXZ 00405aea f i libucrt:output.obj
 0001:00004b6e       ?type_case_o@?$output_processor@DV?$stream_output_adapter@D@__crt_stdio_output@@V?$standard_base@DV?$stream_output_adapter@D@__crt_stdio_output@@@2@@__crt_stdio_output@@AAE_NXZ 00405b6e f i libucrt:output.obj
 0001:00004b8b       ?type_case_p@?$output_processor@DV?$stream_output_adapter@D@__crt_stdio_output@@V?$standard_base@DV?$stream_output_adapter@D@__crt_stdio_output@@@2@@__crt_stdio_output@@AAE_NXZ 00405b8b f i libucrt:output.obj
 0001:00004ba1       ?type_case_s@?$output_processor@DV?$stream_output_adapter@D@__crt_stdio_output@@V?$standard_base@DV?$stream_output_adapter@D@__crt_stdio_output@@@2@@__crt_stdio_output@@AAE_NXZ 00405ba1 f i libucrt:output.obj
 0001:00004c12       ?unget@?$c_string_character_source@D@__crt_strtox@@QAEXD@Z 00405c12 f i libucrt:output.obj
 0001:00004c40       ?update_locale_slow@__crt_cached_ptd_host@@AAEXXZ 00405c40 f i libucrt:output.obj
 0001:00004c9b       ?validate@?$c_string_character_source@D@__crt_strtox@@QBE_NXZ 00405c9b f i libucrt:output.obj
 0001:00004cb6       ?validate@?$stream_output_adapter@D@__crt_stdio_output@@QBE_NAAV__crt_cached_ptd_host@@@Z 00405cb6 f i libucrt:output.obj
 0001:00004cee       ?validate_stream_is_ansi_if_required@?$__acrt_stdio_char_traits@D@@SA_NQAU_iobuf@@@Z 00405cee f i libucrt:output.obj
 0001:00004d75       ?write_character@?$output_adapter_common@DV?$stream_output_adapter@D@__crt_stdio_output@@@__crt_stdio_output@@QBEXDQAHAAV__crt_cached_ptd_host@@@Z 00405d75 f i libucrt:output.obj
 0001:00004d97       ?write_character_without_count_update@?$stream_output_adapter@D@__crt_stdio_output@@QBE_NDAAV__crt_cached_ptd_host@@@Z 00405d97 f i libucrt:output.obj
 0001:00004dd1       ?write_string@?$stream_output_adapter@D@__crt_stdio_output@@QBEXQBDHQAHAAV__crt_cached_ptd_host@@@Z 00405dd1 f i libucrt:output.obj
 0001:00004dfd       ?write_string_impl@?$output_adapter_common@DV?$stream_output_adapter@D@__crt_stdio_output@@@__crt_stdio_output@@IBEXQBDHQAHAAV__crt_cached_ptd_host@@@Z 00405dfd f i libucrt:output.obj
 0001:00004e7c       ___acrt_locale_get_ctype_array_value 00405e7c f i libucrt:output.obj
 0001:00004e9e       ___stdio_common_vfprintf   00405e9e f   libucrt:output.obj
 0001:0000505d       _system                    0040605d f   libucrt:system.obj
 0001:00005068       __seh_filter_exe           00406068 f   libucrt:exception_filter.obj
 0001:000051ae       __query_app_type           004061ae f   libucrt:report_runtime_error.obj
 0001:000051b4       __set_app_type             004061b4 f   libucrt:report_runtime_error.obj
 0001:000051c3       ??$__crt_fast_encode_pointer@PAX@@YAPAXQAX@Z 004061c3 f i libucrt:initialization.obj
 0001:000051c3       ??$__crt_fast_encode_pointer@P6AHXZ@@YAP6AHXZQ6AHXZ@Z 004061c3 f i libucrt:onexit.obj
 0001:000051c3       ??$__crt_fast_encode_pointer@P6GXPAXK0@Z@@YAP6GXPAXK0@ZQ6GX0K0@Z@Z 004061c3 f i libucrt:exit.obj
 0001:000051c3       ??$__crt_fast_encode_pointer@P6AHPAU_exception@@@Z@@YAP6AHPAU_exception@@@ZQ6AH0@Z@Z 004061c3 f i libucrt:matherr.obj
 0001:000051c3       ??$__crt_fast_encode_pointer@PAP6AXXZ@@YAPAP6AXXZQAP6AXXZ@Z 004061c3 f i libucrt:onexit.obj
 0001:000051e2       ___acrt_has_user_matherr   004061e2 f   libucrt:matherr.obj
 0001:000051fa       ___acrt_initialize_user_matherr 004061fa f   libucrt:matherr.obj
 0001:00005209       ___acrt_invoke_user_matherr 00406209 f   libucrt:matherr.obj
 0001:0000523b       ___setusermatherr          0040623b f   libucrt:matherr.obj
 0001:00005501       ___acrt_allocate_buffer_for_argv 00406501 f   libucrt:argv_parsing.obj
 0001:00005550       __configure_narrow_argv    00406550 f   libucrt:argv_parsing.obj
 0001:000057ab       ___dcrt_get_or_create_narrow_environment_nolock 004067ab f   libucrt:environment_initialization.obj
 0001:000057b0       ___dcrt_uninitialize_environments_nolock 004067b0 f   libucrt:environment_initialization.obj
 0001:00005801       __get_initial_narrow_environment 00406801 f   libucrt:environment_initialization.obj
 0001:00005815       __initialize_narrow_environment 00406815 f   libucrt:environment_initialization.obj
 0001:0000581a       __initterm                 0040681a f   libucrt:initterm.obj
 0001:00005845       __initterm_e               00406845 f   libucrt:initterm.obj
 0001:00005b5a       ___acrt_initialize_thread_local_exit_callback 00406b5a f   libucrt:exit.obj
 0001:00005b69       __c_exit                   00406b69 f   libucrt:exit.obj
 0001:00005b78       __cexit                    00406b78 f   libucrt:exit.obj
 0001:00005b87       __exit                     00406b87 f   libucrt:exit.obj
 0001:00005b9d       __register_thread_local_exe_atexit_callback 00406b9d f   libucrt:exit.obj
 0001:00005bc3       _exit                      00406bc3 f   libucrt:exit.obj
 0001:00005bd9       __set_fmode                00406bd9 f   libucrt:setmode.obj
 0001:00005c16       ___acrt_initialize_command_line 00406c16 f   libucrt:argv_data.obj
 0001:00005c2f       ___p___argc                00406c2f f   libucrt:argv_data.obj
 0001:00005c35       ___p___argv                00406c35 f   libucrt:argv_data.obj
 0001:00005ca9       ___acrt_set_locale_changed 00406ca9 f   libucrt:wsetlocale.obj
 0001:00005cb4       ___acrt_uninitialize_locale 00406cb4 f   libucrt:wsetlocale.obj
 0001:00005cdb       __configthreadlocale       00406cdb f   libucrt:wsetlocale.obj
 0001:00005d3d       __query_new_mode           00406d3d f   libucrt:new_mode.obj
 0001:00005d44       __set_new_mode             00406d44 f   libucrt:new_mode.obj
 0001:00005d73       ___p__commode              00406d73 f   libucrt:ncommode.obj
 0001:0000600b       __crt_atexit               0040700b f   libucrt:onexit.obj
 0001:00006021       __execute_onexit_table     00407021 f   libucrt:onexit.obj
 0001:0000605f       __initialize_onexit_table  0040705f f   libucrt:onexit.obj
 0001:00006088       __register_onexit_function 00407088 f   libucrt:onexit.obj
 0001:000061b6       ___acrt_initialize         004071b6 f   libucrt:initialization.obj
 0001:000061c8       ___acrt_uninitialize       004071c8 f   libucrt:initialization.obj
 0001:000061f8       __controlfp_s              004071f8 f   libucrt:contrlfp.obj
 0001:00006257       _terminate                 00407257 f   libucrt:terminate.obj
 0001:00006293       _free                      00407293 f   libucrt:free.obj
 0001:000062ae       _malloc                    004072ae f   libucrt:malloc.obj
 0001:000062b9       _strcpy_s                  004072b9 f   libucrt:strcpy_s.obj
 0001:00006313       _abort                     00407313 f   libucrt:abort.obj
 0001:00006357       _calloc                    00407357 f   libucrt:calloc.obj
 0001:00006370       _strncmp                   00407370 f   libucrt:strncmp.obj
 0001:000063e8       _wcsncmp                   004073e8 f   libucrt:wcsncmp.obj
 0001:00006422       ?check_synchronize_global_state_index@__crt_cached_ptd_host@@AAEIXZ 00407422 f i libucrt:invalid_parameter.obj
 0001:0000644b       ___acrt_call_reportfault   0040744b f   libucrt:invalid_parameter.obj
 0001:00006584       ___acrt_initialize_invalid_parameter_handler 00407584 f   libucrt:invalid_parameter.obj
 0001:00006593       __invalid_parameter        00407593 f   libucrt:invalid_parameter.obj
 0001:000065ca       __invalid_parameter_internal 004075ca f   libucrt:invalid_parameter.obj
 0001:00006647       __invalid_parameter_noinfo 00407647 f   libucrt:invalid_parameter.obj
 0001:00006657       __invoke_watson            00407657 f   libucrt:invalid_parameter.obj
 0001:0000668b       ___acrt_errno_from_os_error 0040768b f   libucrt:errno.obj
 0001:000066ce       ___acrt_errno_map_os_error 004076ce f   libucrt:errno.obj
 0001:000066f1       ___acrt_errno_map_os_error_ptd 004076f1 f   libucrt:errno.obj
 0001:00006715       ___doserrno                00407715 f   libucrt:errno.obj
 0001:00006728       __errno                    00407728 f   libucrt:errno.obj
 0001:0000673b       __calloc_base              0040773b f   libucrt:calloc_base.obj
 0001:00006798       __free_base                00407798 f   libucrt:free_base.obj
 0001:00006988       ___acrt_AppPolicyGetProcessTerminationMethodInternal@4 00407988 f   libucrt:winapi_thunks.obj
 0001:000069c8       ___acrt_AreFileApisANSI@0  004079c8 f   libucrt:winapi_thunks.obj
 0001:000069e7       ___acrt_CompareStringEx@36 004079e7 f   libucrt:winapi_thunks.obj
 0001:00006a44       ___acrt_FlsAlloc@4         00407a44 f   libucrt:winapi_thunks.obj
 0001:00006a83       ___acrt_FlsFree@4          00407a83 f   libucrt:winapi_thunks.obj
 0001:00006ac2       ___acrt_FlsGetValue@4      00407ac2 f   libucrt:winapi_thunks.obj
 0001:00006b01       ___acrt_FlsSetValue@8      00407b01 f   libucrt:winapi_thunks.obj
 0001:00006b43       ___acrt_InitializeCriticalSectionEx@12 00407b43 f   libucrt:winapi_thunks.obj
 0001:00006b8e       ___acrt_LCMapStringEx@36   00407b8e f   libucrt:winapi_thunks.obj
 0001:00006beb       ___acrt_LocaleNameToLCID@8 00407beb f   libucrt:winapi_thunks.obj
 0001:00006c1c       ___acrt_initialize_winapi_thunks 00407c1c f   libucrt:winapi_thunks.obj
 0001:00006c30       ___acrt_uninitialize_winapi_thunks 00407c30 f   libucrt:winapi_thunks.obj
 0001:00006c66       __fcloseall                00407c66 f   libucrt:closeall.obj
 0001:00006eee       ___acrt_stdio_flush_nolock 00407eee f   libucrt:fflush.obj
 0001:00006f57       __fflush_nolock            00407f57 f   libucrt:fflush.obj
 0001:00006fbc       __flushall                 00407fbc f   libucrt:fflush.obj
 0001:00006fc5       ___acrt_stdio_free_buffer_nolock 00407fc5 f   libucrt:_freebuf.obj
 0001:0000716b       ___acrt_initialize_lowio   0040816b f   libucrt:ioinit.obj
 0001:000071cb       ___acrt_uninitialize_lowio 004081cb f   libucrt:ioinit.obj
 0001:000071f7       __fileno                   004081f7 f   libucrt:fileno.obj
 0001:0000721e       __fputc_nolock_internal    0040821e f   libucrt:fputc.obj
 0001:0000724b       __fwrite_nolock_internal   0040824b f   libucrt:fwrite.obj
 0001:000073f5       ___acrt_should_use_temporary_buffer 004083f5 f   libucrt:_sftbuf.obj
 0001:00007430       ___acrt_stdio_begin_temporary_buffering_nolock 00408430 f   libucrt:_sftbuf.obj
 0001:000074dc       ___acrt_stdio_end_temporary_buffering_nolock 004084dc f   libucrt:_sftbuf.obj
 0001:00007858       ___acrt_getptd             00408858 f   libucrt:per_thread_data.obj
 0001:00007913       ___acrt_getptd_head        00408913 f   libucrt:per_thread_data.obj
 0001:000079a9       ___acrt_getptd_noexit      004089a9 f   libucrt:per_thread_data.obj
 0001:00007a5a       ___acrt_getptd_noexit_explicit 00408a5a f   libucrt:per_thread_data.obj
 0001:00007afd       ___acrt_initialize_ptd     00408afd f   libucrt:per_thread_data.obj
 0001:00007b29       ___acrt_uninitialize_ptd   00408b29 f   libucrt:per_thread_data.obj
 0001:00007b43       __malloc_base              00408b43 f   libucrt:malloc_base.obj
 0001:00007b91       _strnlen                   00408b91 f   libucrt:strnlen.obj
 0001:00007cb3       _wcsnlen                   00408cb3 f   libucrt:strnlen.obj
 0001:00007e63       ___acrt_update_locale_info 00408e63 f   libucrt:locale_update.obj
 0001:00007e90       ___acrt_update_locale_info_explicit 00408e90 f   libucrt:locale_update.obj
 0001:00007ec1       ___acrt_update_multibyte_info 00408ec1 f   libucrt:locale_update.obj
 0001:00007eee       ___acrt_update_multibyte_info_explicit 00408eee f   libucrt:locale_update.obj
 0001:00007f1f       ?__acrt_fp_classify@@YA?AW4__acrt_fp_class@@ABN@Z 00408f1f f i libucrt:cvt.obj
 0001:000088e8       ___acrt_fp_format          004098e8 f   libucrt:cvt.obj
 0001:00008a69       __wctomb_internal          00409a69 f   libucrt:wctomb.obj
 0001:00008bd3       __mbtowc_internal          00409bd3 f   libucrt:mbtowc.obj
 0001:00008d06       __get_printf_count_output  00409d06 f   libucrt:printf_count_output.obj
 0001:00008e90       __dupenv_s                 00409e90 f   libucrt:getenv.obj
 0001:0000947f       __spawnve                  0040a47f f   libucrt:spawnv.obj
 0001:00009780       __spawnvpe                 0040a780 f   libucrt:spawnvp.obj
 0001:0000978b       __waccess_s                0040a78b f   libucrt:waccess.obj
 0001:00009849       ??$__acrt_convert_wcs_mbs_cp@D_WV<lambda_62f6974d9771e494a5ea317cc32e971c>@@U__crt_win32_buffer_internal_dynamic_resizing@@@@YAHQBDAAV?$__crt_win32_buffer@_WU__crt_win32_buffer_internal_dynamic_resizing@@@@ABV<lambda_62f6974d9771e494a5ea317cc32e971c>@@I@Z 0040a849 f i libucrt:access.obj
 0001:000098fb       ??$__acrt_mbs_to_wcs_cp@U__crt_win32_buffer_internal_dynamic_resizing@@@@YAHQBDAAV?$__crt_win32_buffer@_WU__crt_win32_buffer_internal_dynamic_resizing@@@@I@Z 0040a8fb f i libucrt:access.obj
 0001:00009918       ??0_LocaleUpdate@@QAE@QAU__crt_locale_pointers@@@Z 0040a918 f i libucrt:access.obj
 0001:0000999a       ?__acrt_get_utf8_acp_compatibility_codepage@@YAIXZ 0040a99a f i libucrt:access.obj
 0001:000099d9       ?_deallocate@?$__crt_win32_buffer@DU__crt_win32_buffer_internal_dynamic_resizing@@@@AAEXXZ 0040a9d9 f i libucrt:argv_wildcards.obj
 0001:000099d9       ?_deallocate@?$__crt_win32_buffer@_WU__crt_win32_buffer_internal_dynamic_resizing@@@@AAEXXZ 0040a9d9 f i libucrt:access.obj
 0001:000099f3       ?allocate@?$__crt_win32_buffer@_WU__crt_win32_buffer_internal_dynamic_resizing@@@@QAEHI@Z 0040a9f3 f i libucrt:access.obj
 0001:00009a32       ?allocate@__crt_win32_buffer_internal_dynamic_resizing@@SAHQAPAXIABV__crt_win32_buffer_empty_debug_info@@@Z 0040aa32 f i libucrt:access.obj
 0001:00009a51       __access_s                 0040aa51 f   libucrt:access.obj
 0001:00009adb       ??$__acrt_convert_wcs_mbs_cp@_WDV<lambda_28bda7af82a03b66c1cb3803a755f95d>@@U__crt_win32_buffer_internal_dynamic_resizing@@@@YAHQB_WAAV?$__crt_win32_buffer@DU__crt_win32_buffer_internal_dynamic_resizing@@@@ABV<lambda_28bda7af82a03b66c1cb3803a755f95d>@@I@Z 0040aadb f i libucrt:argv_wildcards.obj
 0001:0000a07d       ??R<lambda_0fec1a7b3f42a53036604e18c2d5e07e>@@QBEHIQB_WQADI@Z 0040b07d f i libucrt:getmodulefilenamea.obj
 0001:0000a07d       ??R<lambda_28bda7af82a03b66c1cb3803a755f95d>@@QBEHIQB_WQADI@Z 0040b07d f i libucrt:argv_wildcards.obj
 0001:0000a0a1       ?allocate@?$__crt_win32_buffer@DU__crt_win32_buffer_internal_dynamic_resizing@@@@QAEHI@Z 0040b0a1 f i libucrt:argv_wildcards.obj
 0001:0000a164       ___acrt_expand_narrow_argv_wildcards 0040b164 f   libucrt:argv_wildcards.obj
 0001:0000a16f       ??$__acrt_convert_wcs_mbs_cp@_WDV<lambda_0fec1a7b3f42a53036604e18c2d5e07e>@@U__crt_win32_buffer_no_resizing@@@@YAHQB_WAAV?$__crt_win32_buffer@DU__crt_win32_buffer_no_resizing@@@@ABV<lambda_0fec1a7b3f42a53036604e18c2d5e07e>@@I@Z 0040b16f f i libucrt:getmodulefilenamea.obj
 0001:0000a231       ?allocate@?$__crt_win32_buffer@DU__crt_win32_buffer_no_resizing@@@@QAEHI@Z 0040b231 f i libucrt:getmodulefilenamea.obj
 0001:0000a258       ?set_to_nullptr@?$__crt_win32_buffer@DU__crt_win32_buffer_no_resizing@@@@QAEXXZ 0040b258 f i libucrt:getmodulefilenamea.obj
 0001:0000a26c       ___acrt_GetModuleFileNameA 0040b26c f   libucrt:getmodulefilenamea.obj
 0001:0000a890       ___acrt_initialize_multibyte 0040b890 f   libucrt:mbctype.obj
 0001:0000a8d8       ___acrt_update_thread_multibyte_data 0040b8d8 f   libucrt:mbctype.obj
 0001:0000a8eb       __setmbcp_nolock           0040b8eb f   libucrt:mbctype.obj
 0001:0000abc4       __ismbblead                0040bbc4 f   libucrt:ismbbyte.obj
 0001:0000abdc       ___acrt_MultiByteToWideChar 0040bbdc f   libucrt:multibytetowidechar.obj
 0001:0000ac58       ___acrt_WideCharToMultiByte 0040bc58 f   libucrt:widechartomultibyte.obj
 0001:0000ad46       ___dcrt_get_narrow_environment_from_os 0040bd46 f   libucrt:get_environment_from_os.obj
 0001:0000b163       ___dcrt_set_variable_in_narrow_environment_nolock 0040c163 f   libucrt:setenv.obj
 0001:0000b16e       ___acrt_initialize_locks   0040c16e f   libucrt:locks.obj
 0001:0000b1af       ___acrt_lock               0040c1af f   libucrt:locks.obj
 0001:0000b1c6       ___acrt_uninitialize_locks 0040c1c6 f   libucrt:locks.obj
 0001:0000b1f7       ___acrt_unlock             0040c1f7 f   libucrt:locks.obj
 0001:0000b20e       ___acrt_get_process_end_policy 0040c20e f   libucrt:win_policies.obj
 0001:0000b23f       ___acrt_lowio_create_handle_array 0040c23f f   libucrt:osfinfo.obj
 0001:0000b2ba       ___acrt_lowio_destroy_handle_array 0040c2ba f   libucrt:osfinfo.obj
 0001:0000b2ef       ___acrt_lowio_ensure_fh_exists 0040c2ef f   libucrt:osfinfo.obj
 0001:0000b38d       ___acrt_lowio_lock_fh      0040c38d f   libucrt:osfinfo.obj
 0001:0000b3b0       ___acrt_lowio_unlock_fh    0040c3b0 f   libucrt:osfinfo.obj
 0001:0000b3d3       __free_osfhnd              0040c3d3 f   libucrt:osfinfo.obj
 0001:0000b464       __get_osfhandle            0040c464 f   libucrt:osfinfo.obj
 0001:0000b4ce       ___acrt_initialize_fmode   0040c4ce f   libucrt:txtmode.obj
 0001:0000b4e4       ___acrt_locale_free_monetary 0040c4e4 f   libucrt:initmon.obj
 0001:0000b5e2       ___acrt_locale_free_numeric 0040c5e2 f   libucrt:initnum.obj
 0001:0000b670       ___acrt_locale_free_time   0040c670 f   libucrt:inittime.obj
 0001:0000b754       ___acrt_GetStringTypeA     0040c754 f   libucrt:getstringtypea.obj
 0001:0000b85d       __freea_crt                0040c85d f i libucrt:getstringtypea.obj
 0001:0000b87d       ___acrt_add_locale_ref     0040c87d f   libucrt:locale_refcounting.obj
 0001:0000b8fa       ___acrt_free_locale        0040c8fa f   libucrt:locale_refcounting.obj
 0001:0000ba42       ___acrt_locale_add_lc_time_reference 0040ca42 f   libucrt:locale_refcounting.obj
 0001:0000ba6b       ___acrt_locale_free_lc_time_if_unreferenced 0040ca6b f   libucrt:locale_refcounting.obj
 0001:0000ba9c       ___acrt_locale_release_lc_time_reference 0040ca9c f   libucrt:locale_refcounting.obj
 0001:0000bac5       ___acrt_release_locale_ref 0040cac5 f   libucrt:locale_refcounting.obj
 0001:0000bb46       ___acrt_update_thread_locale_data 0040cb46 f   libucrt:locale_refcounting.obj
 0001:0000bbc7       __updatetlocinfoEx_nolock  0040cbc7 f   libucrt:locale_refcounting.obj
 0001:0000bc17       __recalloc_base            0040cc17 f   libucrt:recalloc.obj
 0001:0000bc84       ___acrt_initialize_heap    0040cc84 f   libucrt:heap_handle.obj
 0001:0000bc95       ___acrt_uninitialize_heap  0040cc95 f   libucrt:heap_handle.obj
 0001:0000bc9f       ___acrt_execute_initializers 0040cc9f f   libucrt:shared_initialization.obj
 0001:0000bd07       ___acrt_execute_uninitializers 0040cd07 f   libucrt:shared_initialization.obj
 0001:0000bd38       ___acrt_initialize_new_handler 0040cd38 f   libucrt:new_handler.obj
 0001:0000bd47       __callnewh                 0040cd47 f   libucrt:new_handler.obj
 0001:0000bd74       __query_new_handler        0040cd74 f   libucrt:new_handler.obj
 0001:0000be9e       ___acrt_get_sigabrt_handler 0040ce9e f   libucrt:signal.obj
 0001:0000bec5       ___acrt_initialize_signal_handlers 0040cec5 f   libucrt:signal.obj
 0001:0000bee3       _raise                     0040cee3 f   libucrt:signal.obj
 0001:0000c17d       __clearfp                  0040d17d f   libucrt:ieee87.obj
 0001:0000c25b       __control87                0040d25b f   libucrt:ieee87.obj
 0001:0000c64a       ___acrt_DownlevelLocaleNameToLCID 0040d64a f   libucrt:lcidtoname_downlevel.obj
 0001:0000c79b       _fclose                    0040d79b f   libucrt:fclose.obj
 0001:0000c86d       __commit                   0040d86d f   libucrt:commit.obj
 0001:0000d098       __write_internal           0040e098 f   libucrt:write.obj
 0001:0000d1a0       __write_nolock             0040e1a0 f   libucrt:write.obj
 0001:0000d5ed       ___acrt_stdio_flush_and_write_narrow_nolock 0040e5ed f   libucrt:_flsbuf.obj
 0001:0000d5f8       __isatty                   0040e5f8 f   libucrt:isatty.obj
 0001:0000d6cc       ___acrt_fp_strflt_to_string 0040e6cc f   libucrt:_fptostr.obj
 0001:0000d7d0       ?divide@__crt_strtox@@YA_KAAUbig_integer@1@ABU21@@Z 0040e7d0 f i libucrt:cfout.obj
 0001:0000dc58       ___acrt_fltout             0040ec58 f   libucrt:cfout.obj
 0001:0000f191       _fegetround                00410191 f   libucrt:fegetround.obj
 0001:0000f19e       ?__c32rtomb_utf8@__crt_mbstring@@YAIPAD_UPAU_Mbstatet@@AAV__crt_cached_ptd_host@@@Z 0041019e f   libucrt:c32rtomb.obj
 0001:0000f27a       ?__mbrtowc_utf8@__crt_mbstring@@YAIPA_WPBDIPAU_Mbstatet@@AAV__crt_cached_ptd_host@@@Z 0041027a f   libucrt:mbrtowc.obj
 0001:0000f2bd       ?__mbsrtowcs_utf8@__crt_mbstring@@YAIPA_WPAPBDIPAU_Mbstatet@@AAV__crt_cached_ptd_host@@@Z 004102bd f   libucrt:mbrtowc.obj
 0001:0000f3c5       __strnicoll                004103c5 f   libucrt:strnicol.obj
 0001:0000f3ee       __strnicoll_l              004103ee f   libucrt:strnicol.obj
 0001:0000f4b6       _strcat_s                  004104b6 f   libucrt:strcat_s.obj
 0001:0000f93f       ___acrt_pack_narrow_command_line_and_environment 0041093f f   libucrt:cenvarg.obj
 0001:0000f94a       ___acrt_CreateProcessA     0041094a f   libucrt:createprocessa.obj
 0001:0000fae0       ___acrt_getpath            00410ae0 f   libucrt:getpath.obj
 0001:0000faf0       _qsort                     00410af0 f   libucrt:qsort.obj
 0001:00010095       _strncpy_s                 00411095 f   libucrt:strncpy_s.obj
 0001:000100a0       _strpbrk                   004110a0 f   libucrt:strpbrk.obj
 0001:000100e0       __mbsdec                   004110e0 f   libucrt:mbsdec.obj
 0001:000100f7       __mbsdec_l                 004110f7 f   libucrt:mbsdec.obj
 0001:00010372       ___acrt_LCMapStringA       00411372 f   libucrt:lcmapstringa.obj
 0001:000103ca       ___acrt_SetEnvironmentVariableA 004113ca f   libucrt:setenvironmentvariablea.obj
 0001:0001045f       ___ascii_wcsnicmp          0041145f f   libucrt:wcsnicmp.obj
 0001:000104ae       __msize_base               004114ae f   libucrt:msize.obj
 0001:000104e1       __realloc_base             004114e1 f   libucrt:realloc_base.obj
 0001:0001054a       ___set_fpsr_sse2           0041154a f   libucrt:fpctrl.obj
 0001:000105ca       __clrfp                    004115ca f   libucrt:fpctrl.obj
 0001:000105db       __ctrlfp                   004115db f   libucrt:fpctrl.obj
 0001:00010605       __set_statfp               00411605 f   libucrt:fpctrl.obj
 0001:0001065e       __statfp                   0041165e f   libucrt:fpctrl.obj
 0001:000106ff       __close_internal           004116ff f   libucrt:close.obj
 0001:000107a2       __close_nolock_internal    004117a2 f   libucrt:close.obj
 0001:00010842       ?__acrt_stdio_free_stream@@YAXV__crt_stdio_stream@@@Z 00411842 f   libucrt:stream.obj
 0001:00010a26       __lseeki64                 00411a26 f   libucrt:lseek.obj
 0001:00010a66       __lseeki64_nolock_internal 00411a66 f   libucrt:lseek.obj
 0001:00010a84       __putwch_nolock            00411a84 f   libucrt:putwch.obj
 0001:00010ab6       ___acrt_stdio_allocate_buffer_nolock 00411ab6 f   libucrt:_getbuf.obj
 0001:00010b12       _fegetenv                  00411b12 f   libucrt:fegetenv.obj
 0001:00010b2f       _fesetenv                  00411b2f f   libucrt:fesetenv.obj
 0001:00010b7a       _feholdexcept              00411b7a f   libucrt:feholdexcept.obj
 0001:00010bd0       __CIlog10                  00411bd0 f   libucrt:log10_impl.obj
 0001:00010c0b       __CIlog10_default          00411c0b f   libucrt:log10_impl.obj
 0001:00010c1f       __log10_default            00411c1f     libucrt:log10_impl.obj
 0001:00010ce0       _ceil                      00411ce0 f   libucrt:ceil_pentium4.obj
 0001:00010d20       __ceil_pentium4            00411d20 f   libucrt:ceil_pentium4.obj
 0001:000110c6       ___acrt_fenv_get_common_round_control 004120c6 f   libucrt:_fenvutils.obj
 0001:000110e8       ___acrt_fenv_get_control   004120e8 f   libucrt:_fenvutils.obj
 0001:00011168       ___acrt_fenv_get_status    00412168 f   libucrt:_fenvutils.obj
 0001:00011212       ___acrt_fenv_set_control   00412212 f   libucrt:_fenvutils.obj
 0001:0001128d       ___acrt_fenv_set_status    0041228d f   libucrt:_fenvutils.obj
 0001:00011387       ?reset_and_return@__crt_mbstring@@YAIIPAU_Mbstatet@@@Z 00412387 f   libucrt:common_utf8.obj
 0001:0001139b       ?return_illegal_sequence@__crt_mbstring@@YAIPAU_Mbstatet@@AAV__crt_cached_ptd_host@@@Z 0041239b f   libucrt:common_utf8.obj
 0001:000113bd       ?__mbrtoc32_utf8@__crt_mbstring@@YAIPA_UPBDIPAU_Mbstatet@@AAV__crt_cached_ptd_host@@@Z 004123bd f   libucrt:mbrtoc32.obj
 0001:0001157b       __strnicmp                 0041257b f   libucrt:strnicmp.obj
 0001:000115e8       __strnicmp_l               004125e8 f   libucrt:strnicmp.obj
 0001:00011952       ___acrt_CompareStringA     00412952 f   libucrt:comparestringa.obj
 0001:00011998       ___strncnt                 00412998 f   libucrt:strncnt.obj
 0001:000119d3       ___dcrt_lowio_ensure_console_output_initialized 004129d3 f   libucrt:initcon.obj
 0001:000119f2       ___dcrt_terminate_console_output 004129f2 f   libucrt:initcon.obj
 0001:00011a09       ___dcrt_write_console      00412a09 f   libucrt:initcon.obj
 0001:00011a5e       ___acrt_initialize_sse2    00412a5e f   libucrt:mathfcns.obj
 0001:00011a70       __CIlog10_pentium4         00412a70 f   libucrt:log10_pentium4.obj
 0001:00011a88       __log10_pentium4           00412a88     libucrt:log10_pentium4.obj
 0001:00011d20       __fFEXP                    00412d20 f   libucrt:87tran.obj
 0001:00011d77       __rtinfpopse               00412d77     libucrt:87tran.obj
 0001:00011d79       __rtinfnpopse              00412d79     libucrt:87tran.obj
 0001:00011d89       __fFLN                     00412d89     libucrt:87tran.obj
 0001:00011e3e       __rtinfpop                 00412e3e     libucrt:87tran.obj
 0001:00011e40       __rtinfnpop                00412e40     libucrt:87tran.obj
 0001:00011e50       __rtforexpinf              00412e50 f   libucrt:87tran.obj
 0001:00011e5d       __ffexpm1                  00412e5d     libucrt:87tran.obj
 0001:00011f10       __trandisp1                00412f10 f   libucrt:87disp.obj
 0001:00011f85       __trandisp2                00412f85 f   libucrt:87disp.obj
 0001:0001201f       __rttospopde               0041301f     libucrt:87disp.obj
 0001:00012024       __rttospop                 00413024     libucrt:87disp.obj
 0001:00012030       __rtnospop                 00413030 f   libucrt:87disp.obj
 0001:00012040       __rttosnpop                00413040 f   libucrt:87disp.obj
 0001:00012041       __rtnospopde               00413041     libucrt:87disp.obj
 0001:00012048       __rtzeropop                00413048     libucrt:87disp.obj
 0001:0001204a       __rtzeronpop               0041304a     libucrt:87disp.obj
 0001:00012050       __rtzerospop               00413050 f   libucrt:87disp.obj
 0001:0001205d       __rtonepop                 0041305d     libucrt:87disp.obj
 0001:00012060       __rtonenpop                00413060 f   libucrt:87disp.obj
 0001:00012070       __tosnan1                  00413070 f   libucrt:87disp.obj
 0001:000120a0       __nosnan2                  004130a0 f   libucrt:87disp.obj
 0001:000120b0       __tosnan2                  004130b0 f   libucrt:87disp.obj
 0001:000120e0       __nan2                     004130e0 f   libucrt:87disp.obj
 0001:00012120       __rtindfpop                00413120 f   libucrt:87disp.obj
 0001:00012122       __rtindfnpop               00413122     libucrt:87disp.obj
 0001:00012133       __rttosnpopde              00413133     libucrt:87disp.obj
 0001:00012140       __rtatan2inf               00413140 f   libucrt:87disp.obj
 0001:0001215d       __rtchsifneg               0041315d     libucrt:87disp.obj
 0001:00012170       __twoToTOS                 00413170 f   libucrt:common.obj
 0001:00012185       __load_CW                  00413185 f   libucrt:common.obj
 0001:0001219c       __convertTOStoQNaN         0041319c f   libucrt:common.obj
 0001:000121b5       __fload_withFB             004131b5 f   libucrt:common.obj
 0001:000121f8       __checkTOS_withFB          004131f8 f   libucrt:common.obj
 0001:0001220e       __fast_exit                0041320e f   libucrt:common.obj
 0001:0001221b       __math_exit                0041321b f   libucrt:common.obj
 0001:00012245       __check_overflow_exit      00413245 f   libucrt:common.obj
 0001:00012259       __check_range_exit         00413259 f   libucrt:common.obj
 0001:00012300       __startTwoArgErrorHandling 00413300 f   libucrt:genexcep.obj
 0001:00012317       __startOneArgErrorHandling 00413317 f   libucrt:genexcep.obj
 0001:00012353       ___libm_error_support      00413353 f   libucrt:libm_error.obj
 0001:00012547       __ceil_default             00413547 f   libucrt:ceil.obj
 0001:00012600       ___ascii_strnicmp          00413600 f   libucrt:_strnicm.obj
 0001:00012661       __d_inttype                00413661 f   libucrt:powhlp.obj
 0001:000126c9       __powhlp                   004136c9 f   libucrt:powhlp.obj
 0001:000127f4       __87except                 004137f4 f   libucrt:87except.obj
 0001:000128fe       __frnd                     004138fe f   libucrt:frnd.obj
 0001:00012912       __errcode                  00413912 f   libucrt:fpexcept.obj
 0001:00012946       __except1                  00413946 f   libucrt:fpexcept.obj
 0001:00012a14       __handle_exc               00413a14 f   libucrt:fpexcept.obj
 0001:00012c8d       __raise_exc                00413c8d f   libucrt:fpexcept.obj
 0001:00012cb0       __raise_exc_ex             00413cb0 f   libucrt:fpexcept.obj
 0001:00012fa6       __set_errno_from_matherr   00413fa6 f   libucrt:fpexcept.obj
 0001:00012fd5       __umatherr                 00413fd5 f   libucrt:fpexcept.obj
 0001:00013075       __decomp                   00414075 f   libucrt:util.obj
 0001:00013147       __set_exp                  00414147 f   libucrt:util.obj
 0001:00013174       __sptype                   00414174 f   libucrt:util.obj
 0001:000131d2       __fpclass                  004141d2 f   libucrt:ieeemisc.obj
 0001:00013280       __FindPESection            00414280 f   LIBCMT:pesect.obj
 0001:000132d0       __IsNonwritableInCurrentImage 004142d0 f   LIBCMT:pesect.obj
 0001:00013390       __ValidateImageBase        00414390 f   LIBCMT:pesect.obj
 0001:000133c1       ??_Gtype_info@@UAEPAXI@Z   004143c1 f i LIBCMT:std_type_info_static.obj
 0001:000133c1       ??_Etype_info@@UAEPAXI@Z   004143c1 f i LIBCMT:std_type_info_static.obj
 0001:000133e4       __EH_epilog3               004143e4 f   LIBCMT:ehprolg3.obj
 0001:000133f8       __EH_prolog3               004143f8 f   LIBCMT:ehprolg3.obj
 0001:0001342b       __EH_prolog3_catch         0041442b f   LIBCMT:ehprolg3.obj
 0001:00013470       ??3@YAXPAXI@Z              00414470 f   LIBCMT:delete_scalar_size.obj
 0001:00013480       __aulldvrm                 00414480 f   LIBCMT:ulldvrm.obj
 0001:00013520       __allmul                   00414520 f   LIBCMT:llmul.obj
 0001:00013560       __alldvrm                  00414560 f   LIBCMT:lldvrm.obj
 0001:00013640       __allshl                   00414640 f   LIBCMT:llshl.obj
 0001:00013660       __aullshr                  00414660 f   LIBCMT:ullshr.obj
 0001:00013680       __alloca_probe_16          00414680 f   LIBCMT:alloca16.obj
 0001:00013696       __alloca_probe_8           00414696     LIBCMT:alloca16.obj
 0001:000136b0       __chkstk                   004146b0 f   LIBCMT:chkstk.obj
 0001:000136b0       __alloca_probe             004146b0 f   LIBCMT:chkstk.obj
 0001:000136e0       __ftol2_sse                004146e0 f   LIBCMT:ftol2.obj
 0001:000136f0       __ftoi2                    004146f0 f   LIBCMT:ftol2.obj
 0001:0001376c       ??3@YAXPAX@Z               0041476c f   LIBCMT:delete_scalar.obj
 0001:00013780       _strrchr                   00414780 f   libvcruntime:strrchr.obj
 0001:000138c0       _strchr                    004148c0 f   libvcruntime:strchr.obj
 0001:0001392e       ___from_strstr_to_strchr   0041492e     libvcruntime:strchr.obj
 0001:000139eb       __filter_x86_sse2_floating_point_exception 004149eb f   LIBCMT:x86_exception_filter.obj
 0001:000139eb       __filter_x86_sse2_floating_point_exception_default 004149eb f   LIBCMT:x86_exception_filter.obj
 0002:00000000       __imp__UnhandledExceptionFilter@4 00415000     kernel32:KERNEL32.dll
 0002:00000004       __imp__SetUnhandledExceptionFilter@4 00415004     kernel32:KERNEL32.dll
 0002:00000008       __imp__GetCurrentProcess@0 00415008     kernel32:KERNEL32.dll
 0002:0000000c       __imp__TerminateProcess@8  0041500c     kernel32:KERNEL32.dll
 0002:00000010       __imp__IsProcessorFeaturePresent@4 00415010     kernel32:KERNEL32.dll
 0002:00000014       __imp__QueryPerformanceCounter@4 00415014     kernel32:KERNEL32.dll
 0002:00000018       __imp__GetCurrentProcessId@0 00415018     kernel32:KERNEL32.dll
 0002:0000001c       __imp__GetCurrentThreadId@0 0041501c     kernel32:KERNEL32.dll
 0002:00000020       __imp__GetSystemTimeAsFileTime@4 00415020     kernel32:KERNEL32.dll
 0002:00000024       __imp__InitializeSListHead@4 00415024     kernel32:KERNEL32.dll
 0002:00000028       __imp__IsDebuggerPresent@0 00415028     kernel32:KERNEL32.dll
 0002:0000002c       __imp__GetStartupInfoW@4   0041502c     kernel32:KERNEL32.dll
 0002:00000030       __imp__GetModuleHandleW@4  00415030     kernel32:KERNEL32.dll
 0002:00000034       __imp__RtlUnwind@16        00415034     kernel32:KERNEL32.dll
 0002:00000038       __imp__GetLastError@0      00415038     kernel32:KERNEL32.dll
 0002:0000003c       __imp__SetLastError@4      0041503c     kernel32:KERNEL32.dll
 0002:00000040       __imp__EnterCriticalSection@4 00415040     kernel32:KERNEL32.dll
 0002:00000044       __imp__LeaveCriticalSection@4 00415044     kernel32:KERNEL32.dll
 0002:00000048       __imp__DeleteCriticalSection@4 00415048     kernel32:KERNEL32.dll
 0002:0000004c       __imp__InitializeCriticalSectionAndSpinCount@8 0041504c     kernel32:KERNEL32.dll
 0002:00000050       __imp__TlsAlloc@0          00415050     kernel32:KERNEL32.dll
 0002:00000054       __imp__TlsGetValue@4       00415054     kernel32:KERNEL32.dll
 0002:00000058       __imp__TlsSetValue@8       00415058     kernel32:KERNEL32.dll
 0002:0000005c       __imp__TlsFree@4           0041505c     kernel32:KERNEL32.dll
 0002:00000060       __imp__FreeLibrary@4       00415060     kernel32:KERNEL32.dll
 0002:00000064       __imp__GetProcAddress@8    00415064     kernel32:KERNEL32.dll
 0002:00000068       __imp__LoadLibraryExW@12   00415068     kernel32:KERNEL32.dll
 0002:0000006c       __imp__EncodePointer@4     0041506c     kernel32:KERNEL32.dll
 0002:00000070       __imp__RaiseException@16   00415070     kernel32:KERNEL32.dll
 0002:00000074       __imp__GetStdHandle@4      00415074     kernel32:KERNEL32.dll
 0002:00000078       __imp__WriteFile@20        00415078     kernel32:KERNEL32.dll
 0002:0000007c       __imp__GetModuleFileNameW@12 0041507c     kernel32:KERNEL32.dll
 0002:00000080       __imp__ExitProcess@4       00415080     kernel32:KERNEL32.dll
 0002:00000084       __imp__GetModuleHandleExW@12 00415084     kernel32:KERNEL32.dll
 0002:00000088       __imp__GetCommandLineA@0   00415088     kernel32:KERNEL32.dll
 0002:0000008c       __imp__GetCommandLineW@0   0041508c     kernel32:KERNEL32.dll
 0002:00000090       __imp__HeapAlloc@12        00415090     kernel32:KERNEL32.dll
 0002:00000094       __imp__HeapFree@12         00415094     kernel32:KERNEL32.dll
 0002:00000098       __imp__CompareStringW@24   00415098     kernel32:KERNEL32.dll
 0002:0000009c       __imp__LCMapStringW@24     0041509c     kernel32:KERNEL32.dll
 0002:000000a0       __imp__GetFileType@4       004150a0     kernel32:KERNEL32.dll
 0002:000000a4       __imp__CloseHandle@4       004150a4     kernel32:KERNEL32.dll
 0002:000000a8       __imp__WaitForSingleObject@8 004150a8     kernel32:KERNEL32.dll
 0002:000000ac       __imp__GetExitCodeProcess@8 004150ac     kernel32:KERNEL32.dll
 0002:000000b0       __imp__CreateProcessW@40   004150b0     kernel32:KERNEL32.dll
 0002:000000b4       __imp__GetFileAttributesExW@12 004150b4     kernel32:KERNEL32.dll
 0002:000000b8       __imp__FindClose@4         004150b8     kernel32:KERNEL32.dll
 0002:000000bc       __imp__FindFirstFileExW@24 004150bc     kernel32:KERNEL32.dll
 0002:000000c0       __imp__FindNextFileW@8     004150c0     kernel32:KERNEL32.dll
 0002:000000c4       __imp__IsValidCodePage@4   004150c4     kernel32:KERNEL32.dll
 0002:000000c8       __imp__GetACP@0            004150c8     kernel32:KERNEL32.dll
 0002:000000cc       __imp__GetOEMCP@0          004150cc     kernel32:KERNEL32.dll
 0002:000000d0       __imp__GetCPInfo@8         004150d0     kernel32:KERNEL32.dll
 0002:000000d4       __imp__MultiByteToWideChar@24 004150d4     kernel32:KERNEL32.dll
 0002:000000d8       __imp__WideCharToMultiByte@32 004150d8     kernel32:KERNEL32.dll
 0002:000000dc       __imp__GetEnvironmentStringsW@0 004150dc     kernel32:KERNEL32.dll
 0002:000000e0       __imp__FreeEnvironmentStringsW@4 004150e0     kernel32:KERNEL32.dll
 0002:000000e4       __imp__SetEnvironmentVariableW@8 004150e4     kernel32:KERNEL32.dll
 0002:000000e8       __imp__SetStdHandle@8      004150e8     kernel32:KERNEL32.dll
 0002:000000ec       __imp__GetStringTypeW@16   004150ec     kernel32:KERNEL32.dll
 0002:000000f0       __imp__GetProcessHeap@0    004150f0     kernel32:KERNEL32.dll
 0002:000000f4       __imp__FlushFileBuffers@4  004150f4     kernel32:KERNEL32.dll
 0002:000000f8       __imp__GetConsoleOutputCP@0 004150f8     kernel32:KERNEL32.dll
 0002:000000fc       __imp__GetConsoleMode@8    004150fc     kernel32:KERNEL32.dll
 0002:00000100       __imp__GetFileSizeEx@8     00415100     kernel32:KERNEL32.dll
 0002:00000104       __imp__SetFilePointerEx@20 00415104     kernel32:KERNEL32.dll
 0002:00000108       __imp__HeapSize@12         00415108     kernel32:KERNEL32.dll
 0002:0000010c       __imp__HeapReAlloc@16      0041510c     kernel32:KERNEL32.dll
 0002:00000110       __imp__CreateFileW@28      00415110     kernel32:KERNEL32.dll
 0002:00000114       __imp__WriteConsoleW@20    00415114     kernel32:KERNEL32.dll
 0002:00000118       __imp__DecodePointer@4     00415118     kernel32:KERNEL32.dll
 0002:0000011c       \177KERNEL32_NULL_THUNK_DATA 0041511c     kernel32:KERNEL32.dll
 0002:00000120       ___guard_check_icall_fptr  00415120     LIBCMT:guard_support.obj
 0002:00000124       ___castguard_check_failure_os_handled_fptr 00415124     LIBCMT:guard_support.obj
 0002:00000128       ___xc_a                    00415128     LIBCMT:initializers.obj
 0002:00000130       ___xc_z                    00415130     LIBCMT:initializers.obj
 0002:00000134       ___xi_a                    00415134     LIBCMT:initializers.obj
 0002:00000140       ___acrt_stdio_initializer  00415140     libucrt:stdio_initializer.obj
 0002:00000144       ___acrt_multibyte_initializer 00415144     libucrt:multibyte_initializer.obj
 0002:00000148       ___acrt_fmode_initializer  00415148     libucrt:fmode_initializer.obj
 0002:0000014c       ___acrt_tran_sse2_initializer 0041514c     libucrt:sse2_initializer.obj
 0002:00000150       ___xi_z                    00415150     LIBCMT:initializers.obj
 0002:00000154       ___xp_a                    00415154     LIBCMT:initializers.obj
 0002:00000158       ___acrt_locale_terminator  00415158     libucrt:locale_initializer.obj
 0002:0000015c       ___dcrt_console_output_terminator 0041515c     libucrt:console_output_initializer.obj
 0002:00000160       ___acrt_stdio_terminator   00415160     libucrt:stdio_initializer.obj
 0002:00000164       ___xp_z                    00415164     LIBCMT:initializers.obj
 0002:00000168       ___xt_a                    00415168     LIBCMT:initializers.obj
 0002:0000016c       ___xt_z                    0041516c     LIBCMT:initializers.obj
 0002:00000178       __pDestructExceptionObject 00415178     libvcruntime:ehhelpers.obj
 0002:00000508       ??_C@_08EHJDFFNH@__based?$CI@ 00415508     libvcruntime:undname.obj
 0002:00000514       ??_C@_07KOLFKCDI@__cdecl@  00415514     libvcruntime:undname.obj
 0002:0000051c       ??_C@_08GHMPAG@__pascal@   0041551c     libvcruntime:undname.obj
 0002:00000528       ??_C@_09IFJBGAPI@__stdcall@ 00415528     libvcruntime:undname.obj
 0002:00000534       ??_C@_0L@NPHFGOKO@__thiscall@ 00415534     libvcruntime:undname.obj
 0002:00000540       ??_C@_0L@JMKHOMEK@__fastcall@ 00415540     libvcruntime:undname.obj
 0002:0000054c       ??_C@_0N@BCKKPABJ@__vectorcall@ 0041554c     libvcruntime:undname.obj
 0002:0000055c       ??_C@_09HIJEGCPM@__clrcall@ 0041555c     libvcruntime:undname.obj
 0002:00000568       ??_C@_06GHPCKEAG@__eabi@   00415568     libvcruntime:undname.obj
 0002:00000570       ??_C@_09IOPIDJLG@__swift_1@ 00415570     libvcruntime:undname.obj
 0002:0000057c       ??_C@_09KFNFGKHF@__swift_2@ 0041557c     libvcruntime:undname.obj
 0002:00000588       ??_C@_09LMMOFLDE@__swift_3@ 00415588     libvcruntime:undname.obj
 0002:00000594       ??_C@_07JOMMBBKO@__ptr64@  00415594     libvcruntime:undname.obj
 0002:0000059c       ??_C@_0L@PILCLIHE@__restrict@ 0041559c     libvcruntime:undname.obj
 0002:000005a8       ??_C@_0M@GFIIJFMG@__unaligned@ 004155a8     libvcruntime:undname.obj
 0002:000005b4       ??_C@_09DHDLOLLB@restrict?$CI@ 004155b4     libvcruntime:undname.obj
 0002:000005be       ??_C@_00CNPNBAHC@@         004155be     libvcruntime:undname.obj
 0002:000005c0       ??_C@_04NIHEBCM@?5new@     004155c0     libvcruntime:undname.obj
 0002:000005c8       ??_C@_07FPCDHGMM@?5delete@ 004155c8     libvcruntime:undname.obj
 0002:000005d0       ??_C@_01NEMOKFLO@?$DN@     004155d0     libvcruntime:undname.obj
 0002:000005d4       ??_C@_02GPIOPFAK@?$DO?$DO@ 004155d4     libvcruntime:undname.obj
 0002:000005d8       ??_C@_02FODMEDOG@?$DM?$DM@ 004155d8     libvcruntime:undname.obj
 0002:000005dc       ??_C@_01DCLJPIOD@?$CB@     004155dc     libvcruntime:undname.obj
 0002:000005e0       ??_C@_02EGOFBIJA@?$DN?$DN@ 004155e0     libvcruntime:undname.obj
 0002:000005e4       ??_C@_02FDNJECIE@?$CB?$DN@ 004155e4     libvcruntime:undname.obj
 0002:000005e8       ??_C@_02GPECMEKF@?$FL?$FN@ 004155e8     libvcruntime:undname.obj
 0002:000005ec       ??_C@_08LHJFAFGD@operator@ 004155ec     libvcruntime:undname.obj
 0002:000005f8       ??_C@_02HBOOOICD@?9?$DO@   004155f8     libvcruntime:undname.obj
 0002:000005fc       ??_C@_01NBENCBCI@?$CK@     004155fc     libvcruntime:undname.obj
 0002:00000600       ??_C@_02ECNGHCIF@?$CL?$CL@ 00415600     libvcruntime:undname.obj
 0002:00000604       ??_C@_02BAABKJLB@?9?9@     00415604     libvcruntime:undname.obj
 0002:00000608       ??_C@_01JOAMLHOP@?9@       00415608     libvcruntime:undname.obj
 0002:0000060c       ??_C@_01MIFGBAGJ@?$CL@     0041560c     libvcruntime:undname.obj
 0002:00000610       ??_C@_01HNPIGOCE@?$CG@     00415610     libvcruntime:undname.obj
 0002:00000614       ??_C@_03MNHNFDLC@?9?$DO?$CK@ 00415614     libvcruntime:undname.obj
 0002:00000618       ??_C@_01KMDKNFGN@?1@       00415618     libvcruntime:undname.obj
 0002:0000061c       ??_C@_01FGNFDNOH@?$CF@     0041561c     libvcruntime:undname.obj
 0002:00000620       ??_C@_01MNNFJEPP@?$DM@     00415620     libvcruntime:undname.obj
 0002:00000624       ??_C@_02EHCHHCKH@?$DM?$DN@ 00415624     libvcruntime:undname.obj
 0002:00000628       ??_C@_01PPODPGHN@?$DO@     00415628     libvcruntime:undname.obj
 0002:0000062c       ??_C@_02EEKDKGMJ@?$DO?$DN@ 0041562c     libvcruntime:undname.obj
 0002:00000630       ??_C@_01IHBHIGKO@?0@       00415630     libvcruntime:undname.obj
 0002:00000634       ??_C@_02HCKGKOFO@?$CI?$CJ@ 00415634     libvcruntime:undname.obj
 0002:00000638       ??_C@_01PJKLJHI@?$HO@      00415638     libvcruntime:undname.obj
 0002:0000063c       ??_C@_01JKBOJNNK@?$FO@     0041563c     libvcruntime:undname.obj
 0002:00000640       ??_C@_01DNKMNLPK@?$HM@     00415640     libvcruntime:undname.obj
 0002:00000644       ??_C@_02PPKAJPJL@?$CG?$CG@ 00415644     libvcruntime:undname.obj
 0002:00000648       ??_C@_02NONPIBCD@?$HM?$HM@ 00415648     libvcruntime:undname.obj
 0002:0000064c       ??_C@_02FPIMKNGF@?$CK?$DN@ 0041564c     libvcruntime:undname.obj
 0002:00000650       ??_C@_02FOEOMHFC@?$CL?$DN@ 00415650     libvcruntime:undname.obj
 0002:00000654       ??_C@_02FKMDLLOA@?9?$DN@   00415654     libvcruntime:undname.obj
 0002:00000658       ??_C@_02FJEHGPIO@?1?$DN@   00415658     libvcruntime:undname.obj
 0002:0000065c       ??_C@_02FENAOKFI@?$CF?$DN@ 0041565c     libvcruntime:undname.obj
 0002:00000660       ??_C@_03IKFCCPFF@?$DO?$DO?$DN@ 00415660     libvcruntime:undname.obj
 0002:00000664       ??_C@_03CDNPDDLA@?$DM?$DM?$DN@ 00415664     libvcruntime:undname.obj
 0002:00000668       ??_C@_02FGJGFEAB@?$CG?$DN@ 00415668     libvcruntime:undname.obj
 0002:0000066c       ??_C@_02DHLNPPGH@?$HM?$DN@ 0041566c     libvcruntime:undname.obj
 0002:00000670       ??_C@_02MHEGNOJ@?$FO?$DN@  00415670     libvcruntime:undname.obj
 0002:00000674       ??_C@_09IFPLHPGF@?$GAvftable?8@ 00415674     libvcruntime:undname.obj
 0002:00000680       ??_C@_09BLBHBJP@?$GAvbtable?8@ 00415680     libvcruntime:undname.obj
 0002:0000068c       ??_C@_07FEEIOKP@?$GAvcall?8@ 0041568c     libvcruntime:undname.obj
 0002:00000694       ??_C@_08LLFFHHDJ@?$GAtypeof?8@ 00415694     libvcruntime:undname.obj
 0002:000006a0       ??_C@_0BF@KDPPACIK@?$GAlocal?5static?5guard?8@ 004156a0     libvcruntime:undname.obj
 0002:000006b8       ??_C@_08OBABFOLI@?$GAstring?8@ 004156b8     libvcruntime:undname.obj
 0002:000006c4       ??_C@_0BD@JDLKDPAB@?$GAvbase?5destructor?8@ 004156c4     libvcruntime:undname.obj
 0002:000006d8       ??_C@_0BN@DEGPLNFK@?$GAvector?5deleting?5destructor?8@ 004156d8     libvcruntime:undname.obj
 0002:000006f8       ??_C@_0BO@OBMKPJIG@?$GAdefault?5constructor?5closure?8@ 004156f8     libvcruntime:undname.obj
 0002:00000718       ??_C@_0BN@IMDCHIKM@?$GAscalar?5deleting?5destructor?8@ 00415718     libvcruntime:undname.obj
 0002:00000738       ??_C@_0BO@PFGOCPJJ@?$GAvector?5constructor?5iterator?8@ 00415738     libvcruntime:undname.obj
 0002:00000758       ??_C@_0BN@LFPFMEDL@?$GAvector?5destructor?5iterator?8@ 00415758     libvcruntime:undname.obj
 0002:00000778       ??_C@_0CE@IKBNEHA@?$GAvector?5vbase?5constructor?5itera@ 00415778     libvcruntime:undname.obj
 0002:0000079c       ??_C@_0BL@NILFHHPC@?$GAvirtual?5displacement?5map?8@ 0041579c     libvcruntime:undname.obj
 0002:000007b8       ??_C@_0CB@JONCMFFK@?$GAeh?5vector?5constructor?5iterator@ 004157b8     libvcruntime:undname.obj
 0002:000007dc       ??_C@_0CA@GCEOPDGL@?$GAeh?5vector?5destructor?5iterator?8@ 004157dc     libvcruntime:undname.obj
 0002:000007fc       ??_C@_0CH@OOJPLCPH@?$GAeh?5vector?5vbase?5constructor?5it@ 004157fc     libvcruntime:undname.obj
 0002:00000824       ??_C@_0BL@LLKPOHJI@?$GAcopy?5constructor?5closure?8@ 00415824     libvcruntime:undname.obj
 0002:00000840       ??_C@_0BA@KBCDOMBN@?$GAudt?5returning?8@ 00415840     libvcruntime:undname.obj
 0002:00000850       ??_C@_03KLGMFNMG@?$GAEH@   00415850     libvcruntime:undname.obj
 0002:00000854       ??_C@_05KHLCHHI@?$GARTTI@  00415854     libvcruntime:undname.obj
 0002:0000085c       ??_C@_0BA@KKLDJDLB@?$GAlocal?5vftable?8@ 0041585c     libvcruntime:undname.obj
 0002:0000086c       ??_C@_0CE@IIHCMGGL@?$GAlocal?5vftable?5constructor?5clos@ 0041586c     libvcruntime:undname.obj
 0002:00000890       ??_C@_06FHBGPFGH@?5new?$FL?$FN@ 00415890     libvcruntime:undname.obj
 0002:00000898       ??_C@_09LBNFPBCA@?5delete?$FL?$FN@ 00415898     libvcruntime:undname.obj
 0002:000008a4       ??_C@_0P@HJKNJFNN@?$GAomni?5callsig?8@ 004158a4     libvcruntime:undname.obj
 0002:000008b4       ??_C@_0BL@CNOONJFP@?$GAplacement?5delete?5closure?8@ 004158b4     libvcruntime:undname.obj
 0002:000008d0       ??_C@_0BN@CKNJLHMB@?$GAplacement?5delete?$FL?$FN?5closure?8@ 004158d0     libvcruntime:undname.obj
 0002:000008f0       ??_C@_0CG@CFDHKGGD@?$GAmanaged?5vector?5constructor?5ite@ 004158f0     libvcruntime:undname.obj
 0002:00000918       ??_C@_0CF@IMGKMJNO@?$GAmanaged?5vector?5destructor?5iter@ 00415918     libvcruntime:undname.obj
 0002:00000940       ??_C@_0CG@HLDDJMAG@?$GAeh?5vector?5copy?5constructor?5ite@ 00415940     libvcruntime:undname.obj
 0002:00000968       ??_C@_0CM@FCBBDIGB@?$GAeh?5vector?5vbase?5copy?5construct@ 00415968     libvcruntime:undname.obj
 0002:00000994       ??_C@_0BL@CLIPGLGB@?$GAdynamic?5initializer?5for?5?8@ 00415994     libvcruntime:undname.obj
 0002:000009b0       ??_C@_0CB@PDBIFEP@?$GAdynamic?5atexit?5destructor?5for?5@ 004159b0     libvcruntime:undname.obj
 0002:000009d4       ??_C@_0CD@CGAJBKEJ@?$GAvector?5copy?5constructor?5iterat@ 004159d4     libvcruntime:undname.obj
 0002:000009f8       ??_C@_0CJ@GJELGAMM@?$GAvector?5vbase?5copy?5constructor?5@ 004159f8     libvcruntime:undname.obj
 0002:00000a24       ??_C@_0CL@FGIJHLCE@?$GAmanaged?5vector?5copy?5constructo@ 00415a24     libvcruntime:undname.obj
 0002:00000a50       ??_C@_0BM@PMGGMLDN@?$GAlocal?5static?5thread?5guard?8@ 00415a50     libvcruntime:undname.obj
 0002:00000a6c       ??_C@_0N@BDNMDMOL@operator?5?$CC?$CC?5@ 00415a6c     libvcruntime:undname.obj
 0002:00000a7c       ??_C@_0BC@GGEBGALA@operator?5co_await@ 00415a7c     libvcruntime:undname.obj
 0002:00000a90       ??_C@_0M@GAAIMMOH@operator?$DM?$DN?$DO@ 00415a90     libvcruntime:undname.obj
 0002:00000a9c       ??_C@_0BC@DAFEJGAK@?5Type?5Descriptor?8@ 00415a9c     libvcruntime:undname.obj
 0002:00000ab0       ??_C@_0BM@LDKODKLH@?5Base?5Class?5Descriptor?5at?5?$CI@ 00415ab0     libvcruntime:undname.obj
 0002:00000acc       ??_C@_0BD@LGICGFMM@?5Base?5Class?5Array?8@ 00415acc     libvcruntime:undname.obj
 0002:00000ae0       ??_C@_0BN@MECKDCOJ@?5Class?5Hierarchy?5Descriptor?8@ 00415ae0     libvcruntime:undname.obj
 0002:00000b00       ??_C@_0BK@CFCOFLF@?5Complete?5Object?5Locator?8@ 00415b00     libvcruntime:undname.obj
 0002:00000b1c       ??_C@_0BG@JNJLAMPM@?$GAanonymous?5namespace?8@ 00415b1c     libvcruntime:undname.obj
 0002:00000b40       ??_C@_1DM@KHCHBNEB@?$AAa?$AAp?$AAi?$AA?9?$AAm?$AAs?$AA?9?$AAw?$AAi?$AAn?$AA?9?$AAc?$AAo?$AAr?$AAe@ 00415b40     libvcruntime:winapi_downlevel.obj
 0002:00000b7c       ??_C@_1DK@LPPGFMPP@?$AAa?$AAp?$AAi?$AA?9?$AAm?$AAs?$AA?9?$AAw?$AAi?$AAn?$AA?9?$AAc?$AAo?$AAr?$AAe@ 00415b7c     libvcruntime:winapi_downlevel.obj
 0002:00000bb8       ??_C@_1BC@GDMECMAK@?$AAk?$AAe?$AAr?$AAn?$AAe?$AAl?$AA3?$AA2@ 00415bb8     libvcruntime:winapi_downlevel.obj
 0002:00000bcc       ??_C@_1BA@PFFKHIOG@?$AAa?$AAp?$AAi?$AA?9?$AAm?$AAs?$AA?9@ 00415bcc     libvcruntime:winapi_downlevel.obj
 0002:00000be4       ??_C@_08KNHFBNJ@FlsAlloc@  00415be4     libvcruntime:winapi_downlevel.obj
 0002:00000bf8       ??_C@_07PEJMOBNF@FlsFree@  00415bf8     libvcruntime:winapi_downlevel.obj
 0002:00000c08       ??_C@_0M@GDNOONDI@FlsGetValue@ 00415c08     libvcruntime:winapi_downlevel.obj
 0002:00000c1c       ??_C@_0M@JCPCPOEF@FlsSetValue@ 00415c1c     libvcruntime:winapi_downlevel.obj
 0002:00000c30       ??_C@_0BM@HCFOFFN@InitializeCriticalSectionEx@ 00415c30     libvcruntime:winapi_downlevel.obj
 0002:00000c50       ??_7exception@std@@6B@     00415c50     libvcruntime:frame.obj
 0002:00000c58       ??_C@_0BC@EOODALEL@Unknown?5exception@ 00415c58     libvcruntime:frame.obj
 0002:00000c70       ??_7bad_exception@std@@6B@ 00415c70     libvcruntime:frame.obj
 0002:00000c78       ??_C@_0O@DPKOEFFH@bad?5exception@ 00415c78     libvcruntime:frame.obj
 0002:00000c88       ?standard_lookup_table_spectre@__crt_stdio_output@@3V?$spectre_mitigated_lookup_table@Ustate_transition_pair@__crt_stdio_output@@$0IA@@1@B 00415c88     libucrt:output.obj
 0002:00000d88       ??_C@_1O@CEDCILHN@?$AA?$CI?$AAn?$AAu?$AAl?$AAl?$AA?$CJ@ 00415d88     libucrt:output.obj
 0002:00000d98       ??_C@_06OJHGLDPL@?$CInull?$CJ@ 00415d98     libucrt:output.obj
 0002:00000db8       ___acrt_exception_action_table 00415db8     libucrt:exception_filter.obj
 0002:00000e48       ___acrt_signal_action_table_count 00415e48     libucrt:exception_filter.obj
 0002:00000e4c       ___acrt_signal_action_first_fpe_index 00415e4c     libucrt:exception_filter.obj
 0002:00000e50       ___acrt_signal_action_fpe_count 00415e50     libucrt:exception_filter.obj
 0002:00000e54       ??_C@_1BI@BGOHAHKC@?$AAm?$AAs?$AAc?$AAo?$AAr?$AAe?$AAe?$AA?4?$AAd?$AAl?$AAl@ 00415e54     libucrt:exit.obj
 0002:00000e6c       ??_C@_0P@MIGLKIOC@CorExitProcess@ 00415e6c     libucrt:exit.obj
 0002:000010b8       ??_C@_1EA@JGEFHKEI@?$AAa?$AAp?$AAi?$AA?9?$AAm?$AAs?$AA?9?$AAw?$AAi?$AAn?$AA?9?$AAc?$AAo?$AAr?$AAe@ 004160b8     libucrt:winapi_thunks.obj
 0002:000010f8       ??_C@_1DI@IJCEHOCB@?$AAa?$AAp?$AAi?$AA?9?$AAm?$AAs?$AA?9?$AAw?$AAi?$AAn?$AA?9?$AAc?$AAo?$AAr?$AAe@ 004160f8     libucrt:winapi_thunks.obj
 0002:00001130       ??_C@_1EI@MPIAOHOC@?$AAa?$AAp?$AAi?$AA?9?$AAm?$AAs?$AA?9?$AAw?$AAi?$AAn?$AA?9?$AAc?$AAo?$AAr?$AAe@ 00416130     libucrt:winapi_thunks.obj
 0002:00001178       ??_C@_1FK@FPHCKFIE@?$AAa?$AAp?$AAi?$AA?9?$AAm?$AAs?$AA?9?$AAw?$AAi?$AAn?$AA?9?$AAc?$AAo?$AAr?$AAe@ 00416178     libucrt:winapi_thunks.obj
 0002:000011d8       ??_C@_1EM@DILCGIIO@?$AAa?$AAp?$AAi?$AA?9?$AAm?$AAs?$AA?9?$AAw?$AAi?$AAn?$AA?9?$AAc?$AAo?$AAr?$AAe@ 004161d8     libucrt:winapi_thunks.obj
 0002:00001224       ??_C@_1DM@LNCGDDPN@?$AAa?$AAp?$AAi?$AA?9?$AAm?$AAs?$AA?9?$AAw?$AAi?$AAn?$AA?9?$AAc?$AAo?$AAr?$AAe@ 00416224     libucrt:winapi_thunks.obj
 0002:00001260       ??_C@_1DO@FPAPJEMD@?$AAa?$AAp?$AAi?$AA?9?$AAm?$AAs?$AA?9?$AAw?$AAi?$AAn?$AA?9?$AAc?$AAo?$AAr?$AAe@ 00416260     libucrt:winapi_thunks.obj
 0002:000012a0       ??_C@_1DK@NDHNAHIO@?$AAa?$AAp?$AAi?$AA?9?$AAm?$AAs?$AA?9?$AAw?$AAi?$AAn?$AA?9?$AAc?$AAo?$AAr?$AAe@ 004162a0     libucrt:winapi_thunks.obj
 0002:000012dc       ??_C@_1DM@KGHDGBCM@?$AAa?$AAp?$AAi?$AA?9?$AAm?$AAs?$AA?9?$AAw?$AAi?$AAn?$AA?9?$AAc?$AAo?$AAr?$AAe@ 004162dc     libucrt:winapi_thunks.obj
 0002:00001318       ??_C@_1EO@IJIOEFOH@?$AAa?$AAp?$AAi?$AA?9?$AAm?$AAs?$AA?9?$AAw?$AAi?$AAn?$AA?9?$AAr?$AAt?$AAc?$AAo@ 00416318     libucrt:winapi_thunks.obj
 0002:00001368       ??_C@_1FG@HHGEKANL@?$AAa?$AAp?$AAi?$AA?9?$AAm?$AAs?$AA?9?$AAw?$AAi?$AAn?$AA?9?$AAs?$AAe?$AAc?$AAu@ 00416368     libucrt:winapi_thunks.obj
 0002:000013c0       ??_C@_1EG@DBIOJECG@?$AAe?$AAx?$AAt?$AA?9?$AAm?$AAs?$AA?9?$AAw?$AAi?$AAn?$AA?9?$AAn?$AAt?$AAu?$AAs@ 004163c0     libucrt:winapi_thunks.obj
 0002:00001408       ??_C@_1EO@FIHMJCLF@?$AAe?$AAx?$AAt?$AA?9?$AAm?$AAs?$AA?9?$AAw?$AAi?$AAn?$AA?9?$AAn?$AAt?$AAu?$AAs@ 00416408     libucrt:winapi_thunks.obj
 0002:00001458       ??_C@_1BC@DNHGCMLG@?$AAa?$AAd?$AAv?$AAa?$AAp?$AAi?$AA3?$AA2@ 00416458     libucrt:winapi_thunks.obj
 0002:0000146c       ??_C@_1M@OAIMIKLP@?$AAn?$AAt?$AAd?$AAl?$AAl@ 0041646c     libucrt:winapi_thunks.obj
 0002:00001478       ??_C@_1EG@DPGNFKGC@?$AAa?$AAp?$AAi?$AA?9?$AAm?$AAs?$AA?9?$AAw?$AAi?$AAn?$AA?9?$AAa?$AAp?$AAp?$AAm@ 00416478     libucrt:winapi_thunks.obj
 0002:000014c0       ??_C@_1O@BCCLBEOE@?$AAu?$AAs?$AAe?$AAr?$AA3?$AA2@ 004164c0     libucrt:winapi_thunks.obj
 0002:000014d0       ??_C@_1DM@BPJLHKCE@?$AAa?$AAp?$AAi?$AA?9?$AAm?$AAs?$AA?9?$AAw?$AAi?$AAn?$AA?9?$AAc?$AAo?$AAr?$AAe@ 004164d0     libucrt:winapi_thunks.obj
 0002:0000150c       ??_C@_1BA@IAIFMGEF@?$AAe?$AAx?$AAt?$AA?9?$AAm?$AAs?$AA?9@ 0041650c     libucrt:winapi_thunks.obj
 0002:00001520       ??_C@_0BA@FHFNEAED@AreFileApisANSI@ 00416520     libucrt:winapi_thunks.obj
 0002:00001538       ??_C@_0BA@IHGNDAEB@CompareStringEx@ 00416538     libucrt:winapi_thunks.obj
 0002:00001558       ??_C@_0O@KKBNKAPF@LCMapStringEx@ 00416558     libucrt:winapi_thunks.obj
 0002:00001570       ??_C@_0BB@HBDEELFH@LocaleNameToLCID@ 00416570     libucrt:winapi_thunks.obj
 0002:00001588       ??_C@_0CF@OJOFEIGO@AppPolicyGetProcessTerminationM@ 00416588     libucrt:winapi_thunks.obj
 0002:000015d0       ___lc_time_c               004165d0     libucrt:nlsdata.obj
 0002:00001734       ??_C@_03KOEHGMDN@Sun@      00416734     libucrt:nlsdata.obj
 0002:00001738       ??_C@_03PDAGKDH@Mon@       00416738     libucrt:nlsdata.obj
 0002:0000173c       ??_C@_03NAGEINEP@Tue@      0041673c     libucrt:nlsdata.obj
 0002:00001740       ??_C@_03MHOMLAJA@Wed@      00416740     libucrt:nlsdata.obj
 0002:00001744       ??_C@_03IOFIKPDN@Thu@      00416744     libucrt:nlsdata.obj
 0002:00001748       ??_C@_03IDIOELNC@Fri@      00416748     libucrt:nlsdata.obj
 0002:0000174c       ??_C@_03FEFJNEK@Sat@       0041674c     libucrt:nlsdata.obj
 0002:00001750       ??_C@_06OOPIFAJ@Sunday@    00416750     libucrt:nlsdata.obj
 0002:00001758       ??_C@_06JLEDEDGH@Monday@   00416758     libucrt:nlsdata.obj
 0002:00001760       ??_C@_07BAAGCFCM@Tuesday@  00416760     libucrt:nlsdata.obj
 0002:00001768       ??_C@_09DLIGFAKA@Wednesday@ 00416768     libucrt:nlsdata.obj
 0002:00001774       ??_C@_08HACCIKIA@Thursday@ 00416774     libucrt:nlsdata.obj
 0002:00001780       ??_C@_06JECMNKMI@Friday@   00416780     libucrt:nlsdata.obj
 0002:00001788       ??_C@_08INBOOONO@Saturday@ 00416788     libucrt:nlsdata.obj
 0002:00001794       ??_C@_03JIHJHPIE@Jan@      00416794     libucrt:nlsdata.obj
[...]
 0002:00001584       ?candidate_modules@?1??try_get_AppPolicyGetProcessTerminationMethod@@YAP6GJPAXPAW4AppPolicyProcessTerminationMethod@@@ZXZ@4QBW4module_id@?A0x391cf84c@@B 00416584     libucrt:winapi_thunks.obj
 0002:000015b0       ?candidate_modules@?1??try_get_FlsAlloc@@YAP6GKP6GXPAX@Z@ZXZ@4QBW4module_id@?A0x391cf84c@@B 004165b0     libucrt:winapi_thunks.obj
 0002:000015b8       ?candidate_modules@?1??try_get_FlsFree@@YAP6GHK@ZXZ@4QBW4module_id@?A0x391cf84c@@B 004165b8     libucrt:winapi_thunks.obj
 0002:000015c0       ?candidate_modules@?1??try_get_FlsGetValue@@YAP6GPAXK@ZXZ@4QBW4module_id@?A0x391cf84c@@B 004165c0     libucrt:winapi_thunks.obj
 0002:000015c8       ?candidate_modules@?1??try_get_FlsSetValue@@YAP6GHKPAX@ZXZ@4QBW4module_id@?A0x391cf84c@@B 004165c8     libucrt:winapi_thunks.obj
 0002:00001a90       ?strings@?1??fp_format_nan_or_infinity@@YAHW4__acrt_fp_class@@_NPADI1@Z@4QAY03QBDA 00416a90     libucrt:cvt.obj
 0002:00001b18       ?dot_slash@?CB@???$common_spawnv@D@@YAHHQBDQBQBD1@Z@4QBDB 00416b18     libucrt:spawnv.obj
 0002:00001b1c       ?extensions@?CP@???$common_spawnv@D@@YAHHQBDQBQBD1@Z@4QAY04$$CBDA 00416b1c     libucrt:spawnv.obj
 0002:00001b30       ?_mb_locale_names@@3QBQB_WB 00416b30     libucrt:mbctype.obj
 0002:00002178       ?LcidToLocaleNameTable@?A0x881e4c05@@3QBULcidToLocaleName@1@B 00417178     libucrt:lcidtoname_downlevel.obj
 0002:00003298       ?LocaleNameToIndexTable@?A0x881e4c05@@3QBULocaleNameIndex@1@B 00418298     libucrt:lcidtoname_downlevel.obj
 0002:00004bd0       ?equal_sign@?BD@???$construct_environment_block@D@@YAHQBQBDQAPAD@Z@4QBDB 00419bd0     libucrt:cenvarg.obj
 0002:00004bd4       _over                      00419bd4     libucrt:fpctrl.obj
 0002:00004be0       _under                     00419be0     libucrt:fpctrl.obj
 0002:00004bf0       LOG_name                   00419bf0     libucrt:log10_impl.obj
 0002:00004c00       _One                       00419c00     libucrt:ceil_pentium4.obj
 0002:00004c10       _Bns                       00419c10     libucrt:ceil_pentium4.obj
 0002:00004c20       _Zero                      00419c20     libucrt:ceil_pentium4.obj
 0002:00004c30       _S                         00419c30     libucrt:ceil_pentium4.obj
 0002:00004c40       _NegZero                   00419c40     libucrt:ceil_pentium4.obj
 0002:00004c60       emask                      00419c60     libucrt:log10_pentium4.obj
 0002:00004c70       CC                         00419c70     libucrt:log10_pentium4.obj
 0002:00004c80       Magic                      00419c80     libucrt:log10_pentium4.obj
 0002:00004c90       hi_mask                    00419c90     libucrt:log10_pentium4.obj
 0002:00004ca0       LOG10_2                    00419ca0     libucrt:log10_pentium4.obj
 0002:00004cb0       place_L                    00419cb0     libucrt:log10_pentium4.obj
 0002:00004cd0       One                        00419cd0     libucrt:log10_pentium4.obj
 0002:00004ce0       Zero                       00419ce0     libucrt:log10_pentium4.obj
 0002:00004cf0       Two52                      00419cf0     libucrt:log10_pentium4.obj
 0002:00004d00       Infs                       00419d00     libucrt:log10_pentium4.obj
 0002:00004d10       NaN                        00419d10     libucrt:log10_pentium4.obj
 0002:00004d20       coeff                      00419d20     libucrt:log10_pentium4.obj
 0002:00004d7e       _log2max                   00419d7e     libucrt:87tran.obj
 0002:00004d88       _smallarg                  00419d88     libucrt:87tran.obj
 0002:00004d92       _half                      00419d92     libucrt:87tran.obj
 0002:00004dde       One                        00419dde     libucrt:87disp.obj
 0002:00004de6       Three                      00419de6     libucrt:87disp.obj
 0002:00004dee       XAMtoTagTab                00419dee     libucrt:87disp.obj
 0002:00004e00       One                        00419e00     libucrt:common.obj
 0002:00004e14       DblMax                     00419e14     libucrt:common.obj
 0002:00004e1c       DblMin                     00419e1c     libucrt:common.obj
 0002:00004e24       IeeeAdjO                   00419e24     libucrt:common.obj
 0002:00004e2c       IeeeAdjU                   00419e2c     libucrt:common.obj
 0002:00004e34       _infinity                  00419e34     libucrt:common.obj
 0002:00004e3c       _zero                      00419e3c     libucrt:common.obj
 0002:000056a8       ?_names@?1??_get_fname@@9@4QBU<unnamed-type-_names>@?1??1@YAPADI@Z@B 0041a6a8     libucrt:fpexcept.obj
 0002:00005850       two32                      0041a850     LIBCMT:ftol2.obj
 0002:00005854       two63                      0041a854     LIBCMT:ftol2.obj
 0002:00005858       _NaN                       0041a858     LIBCMT:ftol2.obj
 0002:00005ec0       __sehtable$?__scrt_common_main_seh@@YAHXZ 0041aec0     LIBCMT:exe_main.obj
 0002:00005ee0       __sehtable$___scrt_is_nonwritable_in_current_image 0041aee0     LIBCMT:utility.obj
 0002:00005f00       __sehtable$___DestructExceptionObject 0041af00     libvcruntime:ehhelpers.obj
 0002:00005f20       __sehtable$?FrameUnwindToState@__FrameHandler3@@SAXPAUEHRegistrationNode@@PAXPBU_s_FuncInfo@@H@Z 0041af20     libvcruntime:frame.obj
 0002:00005f48       __sehtable$?CallCatchBlock@@YAPAXPAUEHExceptionRecord@@PAUEHRegistrationNode@@PAU_CONTEXT@@PBU_s_FuncInfo@@PAXHK@Z 0041af48     libvcruntime:frame.obj
 0002:00005f70       __catchsym$?CallUnexpected@@YAXPBU_s_ESTypeList@@@Z$2 0041af70     libvcruntime:frame.obj
 0002:00005f80       __unwindtable$?CallUnexpected@@YAXPBU_s_ESTypeList@@@Z 0041af80     libvcruntime:frame.obj
 0002:00005f90       __tryblocktable$?CallUnexpected@@YAXPBU_s_ESTypeList@@@Z 0041af90     libvcruntime:frame.obj
 0002:00005fa4       __ehfuncinfo$?CallUnexpected@@YAXPBU_s_ESTypeList@@@Z 0041afa4     libvcruntime:frame.obj
 0002:00005fc8       __sehtable$??$BuildCatchObjectHelperInternal@V__FrameHandler3@@@@YAHPAUEHExceptionRecord@@PAXPBU_s_HandlerType@@PBU_s_CatchableType@@@Z 0041afc8     libvcruntime:frame.obj
 0002:00005fe8       __sehtable$??$BuildCatchObjectInternal@V__FrameHandler3@@@@YAXPAUEHExceptionRecord@@PAXPBU_s_HandlerType@@PBU_s_CatchableType@@@Z 0041afe8     libvcruntime:frame.obj
 0002:00006058       __sehtable$??$?RV<lambda_9fd0146d8887c94a05b904783845dbe3>@@AAV<lambda_6adc7e3a23ba0bcf2ed85f63d6332a84>@@V<lambda_263a6ae15fc668da2ea63694c172d2eb>@@@?$__crt_seh_guarded_call@H@@QAEH$$QAV<lambda_9fd0146d8887c94a05b904783845dbe3>@@AAV<lambda_6adc7e3a23ba0bcf2ed85f63d6332a84>@@$$QAV<lambda_263a6ae15fc668da2ea63694c172d2eb>@@@Z 0041b058     libucrt:puts.obj
 0002:00006078       __sehtable$??$?RV<lambda_62491a2101a2aba6cc4a769149c84f1f>@@AAV<lambda_826c27fce7726908515bbc79a5266961>@@V<lambda_4e64bbd54b50a7b070e3ea8d795375b6>@@@?$__crt_seh_guarded_call@H@@QAEH$$QAV<lambda_62491a2101a2aba6cc4a769149c84f1f>@@AAV<lambda_826c27fce7726908515bbc79a5266961>@@$$QAV<lambda_4e64bbd54b50a7b070e3ea8d795375b6>@@@Z 0041b078     libucrt:output.obj
 0002:00006094       __unwindtable$___dcrt_uninitialize_environments_nolock 0041b094     libucrt:environment_initialization.obj
 0002:000060a4       __ehfuncinfo$___dcrt_uninitialize_environments_nolock 0041b0a4     libucrt:environment_initialization.obj
 0002:000060c8       __ehfuncinfo$?write_double_translated_ansi_nolock@@YA?AUwrite_result@?A0x17268360@@HQBDIAAV__crt_cached_ptd_host@@@Z 0041b0c8     libucrt:write.obj
 0002:000060c8       __ehfuncinfo$?try_cor_exit_process@@YAXI@Z 0041b0c8     libucrt:exit.obj
 0002:000060ec       __unwindtable$?common_exit@@YAXHW4_crt_exit_cleanup_mode@@W4_crt_exit_return_mode@@@Z 0041b0ec     libucrt:exit.obj
 0002:000060f4       __ehfuncinfo$?common_exit@@YAXHW4_crt_exit_cleanup_mode@@W4_crt_exit_return_mode@@@Z 0041b0f4     libucrt:exit.obj
 0002:00006118       __sehtable$??R<lambda_6e4b09c48022b2350581041d5f6b0c4c>@@QBE@XZ 0041b118     libucrt:exit.obj
 0002:00006138       __sehtable$??$?RV<lambda_03b1d95aef87969028cfba75ccab2455>@@AAV<lambda_6e4b09c48022b2350581041d5f6b0c4c>@@V<lambda_22bdf7517842c4b3e53723af5aa32b9e>@@@?$__crt_seh_guarded_call@X@@QAEX$$QAV<lambda_03b1d95aef87969028cfba75ccab2455>@@AAV<lambda_6e4b09c48022b2350581041d5f6b0c4c>@@$$QAV<lambda_22bdf7517842c4b3e53723af5aa32b9e>@@@Z 0041b138     libucrt:exit.obj
 0002:00006158       __sehtable$??$?RV<lambda_e5124f882df8998aaf41531e079ba474>@@AAV<lambda_3e16ef9562a7dcce91392c22ab16ea36>@@V<lambda_e25ca0880e6ef98be67edffd8c599615>@@@?$__crt_seh_guarded_call@X@@QAEX$$QAV<lambda_e5124f882df8998aaf41531e079ba474>@@AAV<lambda_3e16ef9562a7dcce91392c22ab16ea36>@@$$QAV<lambda_e25ca0880e6ef98be67edffd8c599615>@@@Z 0041b158     libucrt:wsetlocale.obj
 0002:00006174       __unwindtable$__execute_onexit_table 0041b174     libucrt:onexit.obj
 0002:0000617c       __ehfuncinfo$__execute_onexit_table 0041b17c     libucrt:onexit.obj
 0002:000061a0       __sehtable$??$?RV<lambda_8e746cf0007f6ed984d6f78af1fec997>@@AAV<lambda_22ebabd17bc4fa466a2aca6d8deb888d>@@V<lambda_18ed0c0b38a6dc0daf1e7ac6d6adf05e>@@@?$__crt_seh_guarded_call@H@@QAEH$$QAV<lambda_8e746cf0007f6ed984d6f78af1fec997>@@AAV<lambda_22ebabd17bc4fa466a2aca6d8deb888d>@@$$QAV<lambda_18ed0c0b38a6dc0daf1e7ac6d6adf05e>@@@Z 0041b1a0     libucrt:onexit.obj
 0002:000061c0       __sehtable$??$?RV<lambda_69a2805e680e0e292e8ba93315fe43a8>@@AAV<lambda_f03950bc5685219e0bcd2087efbe011e>@@V<lambda_03fcd07e894ec930e3f35da366ca99d6>@@@?$__crt_seh_guarded_call@H@@QAEH$$QAV<lambda_69a2805e680e0e292e8ba93315fe43a8>@@AAV<lambda_f03950bc5685219e0bcd2087efbe011e>@@$$QAV<lambda_03fcd07e894ec930e3f35da366ca99d6>@@@Z 0041b1c0     libucrt:onexit.obj
 0002:000061e0       __sehtable$_terminate      0041b1e0     libucrt:terminate.obj
 0002:00006200       __sehtable$__fcloseall     0041b200     libucrt:closeall.obj
 0002:00006220       __sehtable$??$?RV<lambda_2866be3712abc81a800a822484c830d8>@@AAV<lambda_39ca0ed439415581b5b15c265174cece>@@V<lambda_2b24c74d71094a6cd0cb82e44167d71b>@@@?$__crt_seh_guarded_call@X@@QAEX$$QAV<lambda_2866be3712abc81a800a822484c830d8>@@AAV<lambda_39ca0ed439415581b5b15c265174cece>@@$$QAV<lambda_2b24c74d71094a6cd0cb82e44167d71b>@@@Z 0041b220     libucrt:fflush.obj
 0002:00006240       __sehtable$??$?RV<lambda_2cc53f568c5a2bb6f192f930a45d44ea>@@AAV<lambda_ab61a845afdef5b7c387490eaf3616ee>@@V<lambda_c2ffc0b7726aa6be21d5f0026187e748>@@@?$__crt_seh_guarded_call@X@@QAEX$$QAV<lambda_2cc53f568c5a2bb6f192f930a45d44ea>@@AAV<lambda_ab61a845afdef5b7c387490eaf3616ee>@@$$QAV<lambda_c2ffc0b7726aa6be21d5f0026187e748>@@@Z 0041b240     libucrt:fflush.obj
 0002:00006260       __sehtable$___acrt_initialize_lowio 0041b260     libucrt:ioinit.obj
 0002:00006280       __sehtable$??$?RV<lambda_15ade71b0218206bbe3333a0c9b79046>@@AAV<lambda_da44e0f8b0f19ba52fefafb335991732>@@V<lambda_207f2d024fc103971653565357d6cd41>@@@?$__crt_seh_guarded_call@X@@QAEX$$QAV<lambda_15ade71b0218206bbe3333a0c9b79046>@@AAV<lambda_da44e0f8b0f19ba52fefafb335991732>@@$$QAV<lambda_207f2d024fc103971653565357d6cd41>@@@Z 0041b280     libucrt:per_thread_data.obj
 0002:000062a0       __sehtable$??$?RV<lambda_a7e850c220f1c8d1e6efeecdedd162c6>@@AAV<lambda_46720907175c18b6c9d2717bc0d2d362>@@V<lambda_9048902d66e8d99359bc9897bbb930a8>@@@?$__crt_seh_guarded_call@X@@QAEX$$QAV<lambda_a7e850c220f1c8d1e6efeecdedd162c6>@@AAV<lambda_46720907175c18b6c9d2717bc0d2d362>@@$$QAV<lambda_9048902d66e8d99359bc9897bbb930a8>@@@Z 0041b2a0     libucrt:per_thread_data.obj
 0002:000062c0       __sehtable$??$?RV<lambda_38edbb1296d33220d7e4dd0ed76b244a>@@AAV<lambda_5ce1d447e08cb34b2473517608e21441>@@V<lambda_fb385d3da700c9147fc39e65dd577a8c>@@@?$__crt_seh_guarded_call@X@@QAEX$$QAV<lambda_38edbb1296d33220d7e4dd0ed76b244a>@@AAV<lambda_5ce1d447e08cb34b2473517608e21441>@@$$QAV<lambda_fb385d3da700c9147fc39e65dd577a8c>@@@Z 0041b2c0     libucrt:per_thread_data.obj
 0002:000062e0       __sehtable$??$?RV<lambda_6affb1475c98b40b75cdec977db92e3c>@@AAV<lambda_b8d4b9c228a6ecc3f80208dbb4b4a104>@@V<lambda_608742c3c92a14382c1684fc64f96c88>@@@?$__crt_seh_guarded_call@X@@QAEX$$QAV<lambda_6affb1475c98b40b75cdec977db92e3c>@@AAV<lambda_b8d4b9c228a6ecc3f80208dbb4b4a104>@@$$QAV<lambda_608742c3c92a14382c1684fc64f96c88>@@@Z 0041b2e0     libucrt:per_thread_data.obj
 0002:00006300       __sehtable$??$common_dupenv_s@D@@YAHQAPADQAIQBDH2H@Z 0041b300     libucrt:getenv.obj
 0002:00006320       __sehtable$??$?RV<lambda_1f7e3ac85ca3635646511ad93ac0febe>@@AAV<lambda_555255fdfb9471e5fa7bfca50021c162>@@V<lambda_24f51f8b0c33fe186c624e6675644b7a>@@@?$__crt_seh_guarded_call@_N@@QAE_N$$QAV<lambda_1f7e3ac85ca3635646511ad93ac0febe>@@AAV<lambda_555255fdfb9471e5fa7bfca50021c162>@@$$QAV<lambda_24f51f8b0c33fe186c624e6675644b7a>@@@Z 0041b320     libucrt:spawnv.obj
 0002:00006340       __sehtable$?update_thread_multibyte_data_internal@@YAPAU__crt_multibyte_data@@QAU__acrt_ptd@@QAPAU1@@Z 0041b340     libucrt:mbctype.obj
 0002:00006360       __sehtable$??$?RV<lambda_ceb1ee4838e85a9d631eb091e2fbe199>@@AAV<lambda_ae742caa10f662c28703da3d2ea5e57e>@@V<lambda_cd08b5d6af4937fe54fc07d0c9bf6b37>@@@?$__crt_seh_guarded_call@X@@QAEX$$QAV<lambda_ceb1ee4838e85a9d631eb091e2fbe199>@@AAV<lambda_ae742caa10f662c28703da3d2ea5e57e>@@$$QAV<lambda_cd08b5d6af4937fe54fc07d0c9bf6b37>@@@Z 0041b360     libucrt:mbctype.obj
 0002:00006380       __sehtable$___acrt_lowio_ensure_fh_exists 0041b380     libucrt:osfinfo.obj
 0002:000063a0       __sehtable$___acrt_update_thread_locale_data 0041b3a0     libucrt:locale_refcounting.obj
 0002:000063c0       __sehtable$__query_new_handler 0041b3c0     libucrt:new_handler.obj
 0002:000063e0       __sehtable$_raise          0041b3e0     libucrt:signal.obj
 0002:00006400       __sehtable$??$?RV<lambda_cbab9ec6f41b0180b23cc171c22676b0>@@AAV<lambda_44731a7d0e6d81c3e6aa82d741081786>@@V<lambda_4b292cb8dd18144e164572427af410ab>@@@?$__crt_seh_guarded_call@P6AXH@Z@@QAEP6AXH@Z$$QAV<lambda_cbab9ec6f41b0180b23cc171c22676b0>@@AAV<lambda_44731a7d0e6d81c3e6aa82d741081786>@@$$QAV<lambda_4b292cb8dd18144e164572427af410ab>@@@Z 0041b400     libucrt:signal.obj
 0002:00006420       __sehtable$?_fclose_internal@@YAHQAU_iobuf@@AAV__crt_cached_ptd_host@@@Z 0041b420     libucrt:fclose.obj
 0002:00006440       __sehtable$??$?RV<lambda_9e9de3de5fa147e2223d7db92bc10aa6>@@AAV<lambda_38ce7e780aa69e748d6df282ebc68efe>@@V<lambda_8ca6da459f0f6780f1cff60fdc3d00e5>@@@?$__crt_seh_guarded_call@H@@QAEH$$QAV<lambda_9e9de3de5fa147e2223d7db92bc10aa6>@@AAV<lambda_38ce7e780aa69e748d6df282ebc68efe>@@$$QAV<lambda_8ca6da459f0f6780f1cff60fdc3d00e5>@@@Z 0041b440     libucrt:commit.obj
 0002:00006460       __sehtable$__write_internal 0041b460     libucrt:write.obj
 0002:00006480       __sehtable$___set_fpsr_sse2 0041b480     libucrt:fpctrl.obj
 0002:000064a0       __sehtable$??$?RV<lambda_d422a76eb4c3bf3ad751449ab71a6ea4>@@AAV<lambda_c9ba49e555ba839a7b07aa3fbecb7617>@@V<lambda_9476263c8ee91a25d21c55370bdb50de>@@@?$__crt_seh_guarded_call@H@@QAEH$$QAV<lambda_d422a76eb4c3bf3ad751449ab71a6ea4>@@AAV<lambda_c9ba49e555ba839a7b07aa3fbecb7617>@@$$QAV<lambda_9476263c8ee91a25d21c55370bdb50de>@@@Z 0041b4a0     libucrt:close.obj
 0002:000064c0       __sehtable$??$common_lseek@_J@@YA_JH_JHAAV__crt_cached_ptd_host@@@Z 0041b4c0     libucrt:lseek.obj
 0002:000064e0       __sehtable$__IsNonwritableInCurrentImage 0041b4e0     LIBCMT:pesect.obj
 0002:00006b74       .idata$6                   0041bb74     kernel32:KERNEL32.dll
 0003:00000020       ?__vcrt_flsindex@@3KA      0041c020     libvcruntime:per_thread_data.obj
 0003:000000f0       ?errno_no_memory@@3HA      0041c0f0     libucrt:errno.obj
 0003:000000f4       ?doserrno_no_memory@@3KA   0041c0f4     libucrt:errno.obj
 0003:00000130       ?__acrt_flsindex@@3KA      0041c130     libucrt:per_thread_data.obj
 0003:00000420       __mbctypes                 0041c420     libucrt:mbctype.obj
 0003:00000528       __mbcasemaps               0041c528     libucrt:mbctype.obj
 0003:00000628       ?__rgctypeflag@@3PADA      0041c628     libucrt:mbctype.obj
 0003:00000630       ?__rgcode_page_info@@3PAUcode_page_info@@A 0041c630     libucrt:mbctype.obj
 0003:00000780       ?__DAZ_ENABLED@?1??__set_fpsr_sse2@@9@9 0041c780     libucrt:fpctrl.obj
 0003:00000890       ?__dcrt_lowio_console_output_handle@@3PAXA 0041c890     libucrt:initcon.obj
 0003:00000908       _GS_ExceptionRecord        0041c908     LIBCMT:gs_report.obj
 0003:00000958       _GS_ContextRecord          0041c958     LIBCMT:gs_report.obj
 0003:00000c2c       ?is_initialized_as_dll@@3_NA 0041cc2c     LIBCMT:utility.obj
 0003:00000c2d       ?module_local_atexit_table_initialized@@3_NA 0041cc2d     LIBCMT:utility.obj
 0003:00000c30       ?module_local_atexit_table@@3U_onexit_table_t@@A 0041cc30     LIBCMT:utility.obj
 0003:00000c3c       ?module_local_at_quick_exit_table@@3U_onexit_table_t@@A 0041cc3c     LIBCMT:utility.obj
 0003:00000c68       ?__vcrt_startup_thread_ptd@@3U__vcrt_ptd@@A 0041cc68     libvcruntime:per_thread_data.obj
 0003:00000c90       ___vcrt_lock_table         0041cc90     libvcruntime:locks.obj
 0003:00000ca8       ___vcrt_locks_initialized  0041cca8     libvcruntime:locks.obj
 0003:00000cd4       ?heap@@3V_HeapManager@@A   0041ccd4     libvcruntime:undname.obj
 0003:00000ce8       ?module_handles@@3PAPAUHINSTANCE__@@A 0041cce8     libvcruntime:winapi_downlevel.obj
 0003:00000cf4       ?function_pointers@@3PAPAXA 0041ccf4     libvcruntime:winapi_downlevel.obj
 0003:00000d18       ?__acrt_app_type@@3W4_crt_app_type@@A 0041cd18     libucrt:report_runtime_error.obj
 0003:00000d1c       ?user_matherr@@3V?$dual_state_global@P6AHPAU_exception@@@Z@__crt_state_management@@A 0041cd1c     libucrt:matherr.obj
 0003:00000d20       ?program_name@?1???$common_configure_argv@D@@YAHW4_crt_argv_mode@@@Z@4PADA 0041cd20     libucrt:argv_parsing.obj
 0003:00000e38       ?c_termination_complete@@3JA 0041ce38     libucrt:exit.obj
 0003:00000e3c       ?thread_local_exit_callback_func@@3P6GXPAXK0@ZA 0041ce3c     libucrt:exit.obj
 0003:00000e60       ?__acrt_global_new_mode@@3V?$dual_state_global@J@__crt_state_management@@A 0041ce60     libucrt:new_mode.obj
 0003:00000e80       ?__acrt_invalid_parameter_handler@@3V?$dual_state_global@P6AXPB_W00II@Z@__crt_state_management@@A 0041ce80     libucrt:invalid_parameter.obj
 0003:00000e88       ?module_handles@@3PAPAUHINSTANCE__@@A 0041ce88     libucrt:winapi_thunks.obj
 0003:00000ed8       ?encoded_function_pointers@@3PAPAXA 0041ced8     libucrt:winapi_thunks.obj
 0003:00001170       ?internal_state@?1??_mbtowc_internal@@9@4U_Mbstatet@@A 0041d170     libucrt:mbtowc.obj
 0003:00001178       ?enable_percent_n@@3IA     0041d178     libucrt:printf_count_output.obj
 0003:00001188       ?fSystemSet@@3HA           0041d188     libucrt:mbctype.obj
 0003:0000118c       ?initialized@?1??__acrt_initialize_multibyte@@9@4_NA 0041d18c     libucrt:mbctype.obj
 0003:00001190       ?__acrt_lock_table@@3PAU_RTL_CRITICAL_SECTION@@A 0041d190     libucrt:locks.obj
 0003:000012e0       ?__acrt_locks_initialized@@3IA 0041d2e0     libucrt:locks.obj
 0003:000012f4       ?__acrt_new_handler@@3V?$dual_state_global@P6AHI@Z@__crt_state_management@@A 0041d2f4     libucrt:new_handler.obj
 0003:000012f8       ?ctrlc_action@@3V?$dual_state_global@P6AXH@Z@__crt_state_management@@A 0041d2f8     libucrt:signal.obj
 0003:000012fc       ?ctrlbreak_action@@3V?$dual_state_global@P6AXH@Z@__crt_state_management@@A 0041d2fc     libucrt:signal.obj
 0003:00001300       ?abort_action@@3V?$dual_state_global@P6AXH@Z@__crt_state_management@@A 0041d300     libucrt:signal.obj
 0003:00001304       ?term_action@@3V?$dual_state_global@P6AXH@Z@__crt_state_management@@A 0041d304     libucrt:signal.obj
 0003:00001308       ?internal_pst@?1??__mbrtoc32_utf8@__crt_mbstring@@YAIPA_UPBDIPAU_Mbstatet@@AAV__crt_cached_ptd_host@@@Z@4U3@A 0041d308     libucrt:mbrtoc32.obj
 0003:00001314       __pmatherr_set             0041d314     libucrt:libm_error.obj
 0004:00000060       $R000000                   0041e060     * linker generated manifest res *
